SQL> select * from employee_hema;

     EMPNO ENAME                                                                
---------- ----------------------------------------                             
JOB                                             MGR HIREDATE         SAL        
---------------------------------------- ---------- --------- ----------        
      COMM     DEPTNO                                                           
---------- ----------                                                           
       101 Hema Priya                                                           
software Employee                              1234 15-OCT-17      30000        
       123         10                                                           
                                                                                
       102 kalyani                                                              
Developer                                       456 15-OCT-17      50000        
       456         20                                                           

     EMPNO ENAME                                                                
---------- ----------------------------------------                             
JOB                                             MGR HIREDATE         SAL        
---------------------------------------- ---------- --------- ----------        
      COMM     DEPTNO                                                           
---------- ----------                                                           
                                                                                
       103 chaitanya                                                            
testing                                         789 15-OCT-17      50000        
       789         30                                                           
                                                                                
       104 madhavi                                                              
db                                             1011 15-OCT-17     200000        

     EMPNO ENAME                                                                
---------- ----------------------------------------                             
JOB                                             MGR HIREDATE         SAL        
---------------------------------------- ---------- --------- ----------        
      COMM     DEPTNO                                                           
---------- ----------                                                           
      1011         40                                                           
                                                                                
       105 Kullu                                                                
Manager                                        1213 15-OCT-17     100000        
      1213         50                                                           
                                                                                
      7499 alias                                                                

     EMPNO ENAME                                                                
---------- ----------------------------------------                             
JOB                                             MGR HIREDATE         SAL        
---------------------------------------- ---------- --------- ----------        
      COMM     DEPTNO                                                           
---------- ----------                                                           
SALESMAN                                       7698 20-FEB-81       1600        
       300         30                                                           
                                                                                
      7521 WARD                                                                 
SALESMAN                                       7698 22-FEB-81       1250        
       500         30                                                           
                                                                                

     EMPNO ENAME                                                                
---------- ----------------------------------------                             
JOB                                             MGR HIREDATE         SAL        
---------------------------------------- ---------- --------- ----------        
      COMM     DEPTNO                                                           
---------- ----------                                                           
      7566 JONES                                                                
MANAGER                                        7839 02-APR-81       2975        
                   20                                                           
                                                                                
      7654 MARTIN                                                               
SALESMAN                                       7698 28-SEP-81       1250        
      1400         30                                                           

     EMPNO ENAME                                                                
---------- ----------------------------------------                             
JOB                                             MGR HIREDATE         SAL        
---------------------------------------- ---------- --------- ----------        
      COMM     DEPTNO                                                           
---------- ----------                                                           
                                                                                
      7698 BLAKE                                                                
MANAGER                                        7839 01-MAY-81       2850        
                   30                                                           
                                                                                
      7782 CLARK                                                                
MANAGER                                        7839 09-JUN-81       2450        

     EMPNO ENAME                                                                
---------- ----------------------------------------                             
JOB                                             MGR HIREDATE         SAL        
---------------------------------------- ---------- --------- ----------        
      COMM     DEPTNO                                                           
---------- ----------                                                           
                   10                                                           
                                                                                
      7788 SCOTT                                                                
ANALYST                                        7566 09-DEC-82       3000        
                   20                                                           
                                                                                
      7839 KING                                                                 

     EMPNO ENAME                                                                
---------- ----------------------------------------                             
JOB                                             MGR HIREDATE         SAL        
---------------------------------------- ---------- --------- ----------        
      COMM     DEPTNO                                                           
---------- ----------                                                           
PRESIDENT                                           17-NOV-81       5000        
                   10                                                           
                                                                                
      7844 TURNER                                                               
SALESMAN                                       7698 08-SEP-81       1500        
         0         30                                                           
                                                                                

     EMPNO ENAME                                                                
---------- ----------------------------------------                             
JOB                                             MGR HIREDATE         SAL        
---------------------------------------- ---------- --------- ----------        
      COMM     DEPTNO                                                           
---------- ----------                                                           
      7876 ADAMS                                                                
CLERK                                          7788 12-JAN-83       1100        
                   20                                                           
                                                                                
      7900 JAMES                                                                
CLERK                                          7698 03-DEC-81        950        
                   30                                                           

     EMPNO ENAME                                                                
---------- ----------------------------------------                             
JOB                                             MGR HIREDATE         SAL        
---------------------------------------- ---------- --------- ----------        
      COMM     DEPTNO                                                           
---------- ----------                                                           
                                                                                
      7902 FORD                                                                 
ANALYST                                        7566 03-DEC-81       3000        
                   20                                                           
                                                                                
      7934 MILLER                                                               
CLERK                                          7782 23-JAN-82       1300        

     EMPNO ENAME                                                                
---------- ----------------------------------------                             
JOB                                             MGR HIREDATE         SAL        
---------------------------------------- ---------- --------- ----------        
      COMM     DEPTNO                                                           
---------- ----------                                                           
                   10                                                           
                                                                                
      1200 priya                                                                
                                                                                
                   12                                                           
                                                                                
        12 kk                                                                   

     EMPNO ENAME                                                                
---------- ----------------------------------------                             
JOB                                             MGR HIREDATE         SAL        
---------------------------------------- ---------- --------- ----------        
      COMM     DEPTNO                                                           
---------- ----------                                                           
kkto                                             83 15-DEC-17        400        
        20          2                                                           
                                                                                

20 rows selected.

SQL> select sum(sal),sum(comm) from dual;
select sum(sal),sum(comm) from dual
                    *
ERROR at line 1:
ORA-00904: "COMM": invalid identifier 


SQL> select sum(sal), sum(comm) from dual;
select sum(sal), sum(comm) from dual
                     *
ERROR at line 1:
ORA-00904: "COMM": invalid identifier 


SQL> select sum(sal), sum(comm) from employee_hema;

  SUM(SAL)  SUM(COMM)                                                           
---------- ----------                                                           
    458625       5812                                                           

SQL> select greatest(sal) from employee_hema;

GREATEST(SAL)                                                                   
-------------                                                                   
        30000                                                                   
        50000                                                                   
        50000                                                                   
       200000                                                                   
       100000                                                                   
         1600                                                                   
         1250                                                                   
         2975                                                                   
         1250                                                                   
         2850                                                                   
         2450                                                                   

GREATEST(SAL)                                                                   
-------------                                                                   
         3000                                                                   
         5000                                                                   
         1500                                                                   
         1100                                                                   
          950                                                                   
         3000                                                                   
         1300                                                                   
                                                                                
          400                                                                   

20 rows selected.

SQL> select max(sal) from employee_hema;

  MAX(SAL)                                                                      
----------                                                                      
    200000                                                                      

SQL> select min(sal) from employee_hema;

  MIN(SAL)                                                                      
----------                                                                      
       400                                                                      

SQL> select avg(sal) from employee_hema;

  AVG(SAL)                                                                      
----------                                                                      
24138.1579                                                                      

SQL> select max(sal) from employee_hema where job='CLERK' or job='Clerk' or job='clerk';

  MAX(SAL)                                                                      
----------                                                                      
      1300                                                                      

SQL>  select max(sal) from employee_hema where deptno=20;

  MAX(SAL)                                                                      
----------                                                                      
     50000                                                                      

SQL> select min(sal) from employee_hema where job='SALESMAN' OR job='Salesman' or job='salesman';

  MIN(SAL)                                                                      
----------                                                                      
      1250                                                                      

SQL> select avg(sal) from employee_hema where job='MANAGER' or job='Manager' or job='manager';

  AVG(SAL)                                                                      
----------                                                                      
  27068.75                                                                      

SQL> select sum(sal), sum(comm) from employee_hema where deptno=40 and job='ANALYST' or job='Analyst' or job='analyst';

  SUM(SAL)  SUM(COMM)                                                           
---------- ----------                                                           
                                                                                

SQL> select sum(sal), sum(comm) from employee_hema where deptno=40 and (job='ANALYST' or job='Analyst' or job='analyst');

  SUM(SAL)  SUM(COMM)                                                           
---------- ----------                                                           
                                                                                

SQL> select sum(sal ,comm) from employee_hema where deptno=40 and (job='ANALYST' or job='Analyst' or job='analyst');
select sum(sal ,comm) from employee_hema where deptno=40 and (job='ANALYST' or job='Analyst' or job='analyst')
       *
ERROR at line 1:
ORA-00909: invalid number of arguments 


SQL> select sum(sal ,comm) from employee_hema where deptno=40 and (job='ANALYST' or job='Analyst' or job='analyst');
select sum(sal ,comm) from employee_hema where deptno=40 and (job='ANALYST' or job='Analyst' or job='analyst')
       *
ERROR at line 1:
ORA-00909: invalid number of arguments 


SQL> select empno, ename from employee_hema where job='CLERK' and max(sal);
select empno, ename from employee_hema where job='CLERK' and max(sal)
                                                             *
ERROR at line 1:
ORA-00934: group function is not allowed here 


SQL> select empno, ename from employee_hema where job='CLERK' and sal=(select max(sal) from employee_hema where job='CLERK');

     EMPNO ENAME                                                                
---------- ----------------------------------------                             
      7934 MILLER                                                               

SQL> select (sal +comm) from employee_hema where deptno=40 and (job='ANALYST' or job='Analyst' or job='analyst');

no rows selected

SQL> SELECT UPPER(ENAME) from employee_hema;

UPPER(ENAME)                                                                    
----------------------------------------                                        
ADAMS                                                                           
BLAKE                                                                           
CLARK                                                                           
FORD                                                                            
HEMA PRIYA                                                                      
JAMES                                                                           
JONES                                                                           
KING                                                                            
KULLU                                                                           
MARTIN                                                                          
MILLER                                                                          

UPPER(ENAME)                                                                    
----------------------------------------                                        
SCOTT                                                                           
TURNER                                                                          
WARD                                                                            
ALIAS                                                                           
CHAITANYA                                                                       
KALYANI                                                                         
KK                                                                              
MADHAVI                                                                         
PRIYA                                                                           

20 rows selected.

SQL> select lower(ename) from employee_hema;\
  2  
SQL> select lower(ename) from employee_hema;

LOWER(ENAME)                                                                    
----------------------------------------                                        
adams                                                                           
blake                                                                           
clark                                                                           
ford                                                                            
hema priya                                                                      
james                                                                           
jones                                                                           
king                                                                            
kullu                                                                           
martin                                                                          
miller                                                                          

LOWER(ENAME)                                                                    
----------------------------------------                                        
scott                                                                           
turner                                                                          
ward                                                                            
alias                                                                           
chaitanya                                                                       
kalyani                                                                         
kk                                                                              
madhavi                                                                         
priya                                                                           

20 rows selected.

SQL> select initcap(ename) from employee_hema;

INITCAP(ENAME)                                                                  
----------------------------------------                                        
Adams                                                                           
Blake                                                                           
Clark                                                                           
Ford                                                                            
Hema Priya                                                                      
James                                                                           
Jones                                                                           
King                                                                            
Kullu                                                                           
Martin                                                                          
Miller                                                                          

INITCAP(ENAME)                                                                  
----------------------------------------                                        
Scott                                                                           
Turner                                                                          
Ward                                                                            
Alias                                                                           
Chaitanya                                                                       
Kalyani                                                                         
Kk                                                                              
Madhavi                                                                         
Priya                                                                           

20 rows selected.

SQL> select length('Hema Priya') from dual;

LENGTH('HEMAPRIYA')                                                             
-------------------                                                             
                 10                                                             

SQL> select length(ename) from employee_hema;

LENGTH(ENAME)                                                                   
-------------                                                                   
            5                                                                   
            5                                                                   
            5                                                                   
            4                                                                   
           10                                                                   
            5                                                                   
            5                                                                   
            4                                                                   
            5                                                                   
            6                                                                   
            6                                                                   

LENGTH(ENAME)                                                                   
-------------                                                                   
            5                                                                   
            6                                                                   
            4                                                                   
            5                                                                   
            9                                                                   
            7                                                                   
            2                                                                   
            7                                                                   
            5                                                                   

20 rows selected.

SQL> select concat(ename,empno) from emplopyee_hema;
select concat(ename,empno) from emplopyee_hema
                                *
ERROR at line 1:
ORA-00942: table or view does not exist 


SQL> select concat(ename,empno) from employee_hema;

CONCAT(ENAME,EMPNO)                                                             
--------------------------------------------------------------------------------
Hema Priya101                                                                   
kalyani102                                                                      
chaitanya103                                                                    
madhavi104                                                                      
Kullu105                                                                        
alias7499                                                                       
WARD7521                                                                        
JONES7566                                                                       
MARTIN7654                                                                      
BLAKE7698                                                                       
CLARK7782                                                                       

CONCAT(ENAME,EMPNO)                                                             
--------------------------------------------------------------------------------
SCOTT7788                                                                       
KING7839                                                                        
TURNER7844                                                                      
ADAMS7876                                                                       
JAMES7900                                                                       
FORD7902                                                                        
MILLER7934                                                                      
priya1200                                                                       
kk12                                                                            

20 rows selected.

SQL> select substr('oracle',3,2) from dual;

SU                                                                              
--                                                                              
ac                                                                              

SQL> select instr('Computer Maintenance Corporation','a',1,1);
select instr('Computer Maintenance Corporation','a',1,1)
                                                       *
ERROR at line 1:
ORA-00923: FROM keyword not found where expected 


SQL> select instr('Computer Maintenance Corporation','a',1,1) from dual;

INSTR('COMPUTERMAINTENANCECORPORATION','A',1,1)                                 
-----------------------------------------------                                 
                                             11                                 

SQL> select replace(job,'MANAGER','BOSS') from employee_hema;

REPLACE(JOB,'MANAGER','BOSS')                                                   
--------------------------------------------------------------------------------
software Employee                                                               
Developer                                                                       
testing                                                                         
db                                                                              
Manager                                                                         
SALESMAN                                                                        
SALESMAN                                                                        
BOSS                                                                            
SALESMAN                                                                        
BOSS                                                                            
BOSS                                                                            

REPLACE(JOB,'MANAGER','BOSS')                                                   
--------------------------------------------------------------------------------
ANALYST                                                                         
PRESIDENT                                                                       
SALESMAN                                                                        
CLERK                                                                           
CLERK                                                                           
ANALYST                                                                         
CLERK                                                                           
                                                                                
kkto                                                                            

20 rows selected.

SQL> select * from tvsemp;
select * from tvsemp
              *
ERROR at line 1:
ORA-00942: table or view does not exist 


SQL> select empno,ename,deptno, decode(deptno,10,'ACCOUNTING',20,'RESEARCH',30,'SALES',40,'OPERATIONS') "DEPT_NAME" FROM employee_hema;

     EMPNO ENAME                                        DEPTNO DEPT_NAME        
---------- ---------------------------------------- ---------- ----------       
       101 Hema Priya                                       10 ACCOUNTING       
       102 kalyani                                          20 RESEARCH         
       103 chaitanya                                        30 SALES            
       104 madhavi                                          40 OPERATIONS       
       105 Kullu                                            50                  
      7499 alias                                            30 SALES            
      7521 WARD                                             30 SALES            
      7566 JONES                                            20 RESEARCH         
      7654 MARTIN                                           30 SALES            
      7698 BLAKE                                            30 SALES            
      7782 CLARK                                            10 ACCOUNTING       

     EMPNO ENAME                                        DEPTNO DEPT_NAME        
---------- ---------------------------------------- ---------- ----------       
      7788 SCOTT                                            20 RESEARCH         
      7839 KING                                             10 ACCOUNTING       
      7844 TURNER                                           30 SALES            
      7876 ADAMS                                            20 RESEARCH         
      7900 JAMES                                            30 SALES            
      7902 FORD                                             20 RESEARCH         
      7934 MILLER                                           10 ACCOUNTING       
      1200 priya                                            12                  
        12 kk                                                2                  

20 rows selected.

SQL> 
SQL> select to_date(sysdate)-to_date('29-mar-1996) from dual;
ERROR:
ORA-01756: quoted string not properly terminated 


SQL> select to_date(sysdate)-to_date('29-mar-1996') from dual;

TO_DATE(SYSDATE)-TO_DATE('29-MAR-1996')                                         
---------------------------------------                                         
                                   8091                                         

SQL> select to_date(sysdate)-to_date('29-03-1996') from dual;
select to_date(sysdate)-to_date('29-03-1996') from dual
                                *
ERROR at line 1:
ORA-01843: not a valid month 


SQL> select sysdate from dual;

SYSDATE                                                                         
---------                                                                       
24-MAY-18                                                                       

SQL> select to_date(sysdate)-to_date('29-mar-1996') from dual;

TO_DATE(SYSDATE)-TO_DATE('29-MAR-1996')                                         
---------------------------------------                                         
                                   8091                                         

SQL> select to_date(sysdate)-to_date('29-mar-96') from dual;

TO_DATE(SYSDATE)-TO_DATE('29-MAR-96')                                           
-------------------------------------                                           
                                 8091                                           

SQL> select months_between(sysdate,'29-mar-96') from dual;

MONTHS_BETWEEN(SYSDATE,'29-MAR-96')                                             
-----------------------------------                                             
                         265.858714                                             

SQL> select sysdate-to_date('29-mar-96') from dual;

SYSDATE-TO_DATE('29-MAR-96')                                                    
----------------------------                                                    
                  8091.62046                                                    

SQL> select to_char(sysdate,'ddth month day year') from dual;

TO_CHAR(SYSDATE,'DDTHMONTHDAYYEAR')                                             
-------------------------------------------------------------------             
24th may       thursday  twenty eighteen                                        

SQL> select to_char(hiredate) from employee_hema where ename='SCOTT';

TO_CHAR(H                                                                       
---------                                                                       
09-DEC-82                                                                       

SQL> select to_char(hiredate,'ddth month year) from employee_hema where ename='SCOTT';
ERROR:
ORA-01756: quoted string not properly terminated 


SQL> select to_char(hiredate,'ddth month year') from employee_hema where ename='SCOTT';

TO_CHAR(HIREDATE,'DDTHMONTHYEAR')                                               
---------------------------------------------------------                       
09th december  nineteen eighty-two                                              

SQL> select to_char(hiredate,'ddth month year') from employee_hema where ename='SCOTT';

TO_CHAR(HIREDATE,'DDTHMONTHYEAR')                                               
---------------------------------------------------------                       
09th december  nineteen eighty-two                                              

SQL> select next_date(sysdate,'saturday') from dual;
select next_date(sysdate,'saturday') from dual
       *
ERROR at line 1:
ORA-00904: "NEXT_DATE": invalid identifier 


SQL> select to_char(sysdate,'hh:mm:ss') from dual;

TO_CHAR(                                                                        
--------                                                                        
06:05:02                                                                        

SQL> select to_char(sysdate,'hh:mm:ss') from dual;

TO_CHAR(                                                                        
--------                                                                        
06:05:22                                                                        

SQL> select to_char(sysdate,'hh:MM:ss') from dual;

TO_CHAR(                                                                        
--------                                                                        
06:05:46                                                                        

SQL> SELECT add_months(sysdate,3) from dual;

ADD_MONTH                                                                       
---------                                                                       
24-AUG-18                                                                       

SQL> select e.ename from emp,emp e where emp.mgr=e.empno group by e.ename having count(*)=1;

ENAME                                                                           
----------                                                                      
CLARK                                                                           
SCOTT                                                                           

SQL> select * from emp;

     EMPNO ENAME      JOB              MGR HIREDATE         SAL       COMM      
---------- ---------- --------- ---------- --------- ---------- ----------      
    DEPTNO                                                                      
----------                                                                      
      7499 alias      SALESMAN        7698 20-FEB-81       1600        300      
        30                                                                      
                                                                                
      7521 WARD       SALESMAN        7698 22-FEB-81       1250        500      
        30                                                                      
                                                                                
      7566 JONES      MANAGER         7839 02-APR-81       2975                 
        20                                                                      
                                                                                

     EMPNO ENAME      JOB              MGR HIREDATE         SAL       COMM      
---------- ---------- --------- ---------- --------- ---------- ----------      
    DEPTNO                                                                      
----------                                                                      
      7654 MARTIN     SALESMAN        7698 28-SEP-81       1250       1400      
        30                                                                      
                                                                                
      7698 BLAKE      MANAGER         7839 01-MAY-81       2850                 
        30                                                                      
                                                                                
      7782 CLARK      MANAGER         7839 09-JUN-81       2450                 
        10                                                                      
                                                                                

     EMPNO ENAME      JOB              MGR HIREDATE         SAL       COMM      
---------- ---------- --------- ---------- --------- ---------- ----------      
    DEPTNO                                                                      
----------                                                                      
      7788 SCOTT      ANALYST         7566 09-DEC-82       3000                 
        20                                                                      
                                                                                
      7839 KING       PRESIDENT            17-NOV-81       5000                 
        10                                                                      
                                                                                
      7844 TURNER     SALESMAN        7698 08-SEP-81       1500          0      
        30                                                                      
                                                                                

     EMPNO ENAME      JOB              MGR HIREDATE         SAL       COMM      
---------- ---------- --------- ---------- --------- ---------- ----------      
    DEPTNO                                                                      
----------                                                                      
      7876 ADAMS      CLERK           7788 12-JAN-83       1100                 
        20                                                                      
                                                                                
      7900 JAMES      CLERK           7698 03-DEC-81        950                 
        30                                                                      
                                                                                
      7902 FORD       ANALYST         7566 03-DEC-81       3000                 
        20                                                                      
                                                                                

     EMPNO ENAME      JOB              MGR HIREDATE         SAL       COMM      
---------- ---------- --------- ---------- --------- ---------- ----------      
    DEPTNO                                                                      
----------                                                                      
      7934 MILLER     CLERK           7782 23-JAN-82       1300                 
        10                                                                      
                                                                                
      1200 priya                                                                
        12                                                                      
                                                                                
        12 kk         kkto              83 15-DEC-17        400         20      
         2                                                                      
                                                                                

15 rows selected.

SQL> select * from salgrade;

     GRADE      LOSAL      HISAL                                                
---------- ---------- ----------                                                
         1        700       1200                                                
         2       1201       1400                                                
         3       1401       2000                                                
         4       2001       3000                                                
         5       3001       9999                                                

SQL> select * from employee_hema where deptno=(select deptno from dept where dname='SALES') AND SAL BETWEEN (select losal from salgrade where grade=3) and (select hisal from salgrade where grade=3);

     EMPNO ENAME                                                                
---------- ----------------------------------------                             
JOB                                             MGR HIREDATE         SAL        
---------------------------------------- ---------- --------- ----------        
      COMM     DEPTNO                                                           
---------- ----------                                                           
      7499 alias                                                                
SALESMAN                                       7698 20-FEB-81       1600        
       300         30                                                           
                                                                                
      7844 TURNER                                                               
SALESMAN                                       7698 08-SEP-81       1500        
         0         30                                                           

     EMPNO ENAME                                                                
---------- ----------------------------------------                             
JOB                                             MGR HIREDATE         SAL        
---------------------------------------- ---------- --------- ----------        
      COMM     DEPTNO                                                           
---------- ----------                                                           
                                                                                

SQL> select ename from employee_hema where deptno=(select deptno from dept where dname='SALES');

ENAME                                                                           
----------------------------------------                                        
chaitanya                                                                       
alias                                                                           
WARD                                                                            
MARTIN                                                                          
BLAKE                                                                           
TURNER                                                                          
JAMES                                                                           

7 rows selected.

SQL> select (sal+comm) as total_salary from employee_hema where job='ANALYST' AND  deptno=40;

no rows selected

SQL> select job,count(job) from employee_hema group by(job);

JOB                                      COUNT(JOB)                             
---------------------------------------- ----------                             
db                                                1                             
Manager                                           1                             
                                                  0                             
software Employee                                 1                             
SALESMAN                                          4                             
CLERK                                             3                             
kkto                                              1                             
testing                                           1                             
PRESIDENT                                         1                             
Developer                                         1                             
MANAGER                                           3                             

JOB                                      COUNT(JOB)                             
---------------------------------------- ----------                             
ANALYST                                           2                             

12 rows selected.

SQL> select deptno,sum(sal) from employee_hema group by(deptno ,sal);

    DEPTNO   SUM(SAL)                                                           
---------- ----------                                                           
        20      50000                                                           
         2        400                                                           
        10      30000                                                           
        10       5000                                                           
        30      50000                                                           
        20       2975                                                           
        50     100000                                                           
        10       2450                                                           
        30       2500                                                           
        20       6000                                                           
        30        950                                                           

    DEPTNO   SUM(SAL)                                                           
---------- ----------                                                           
        12                                                                      
        20       1100                                                           
        10       1300                                                           
        40     200000                                                           
        30       1600                                                           
        30       2850                                                           
        30       1500                                                           

18 rows selected.

SQL> select deptno,sum(sal) from employee_hema group bydeptno ;
select deptno,sum(sal) from employee_hema group bydeptno 
                                                *
ERROR at line 1:
ORA-00924: missing BY keyword 


SQL> select deptno,sum(sal) from employee_hema group by deptno,sal ;

    DEPTNO   SUM(SAL)                                                           
---------- ----------                                                           
        20      50000                                                           
         2        400                                                           
        10      30000                                                           
        10       5000                                                           
        30      50000                                                           
        20       2975                                                           
        50     100000                                                           
        10       2450                                                           
        30       2500                                                           
        20       6000                                                           
        30        950                                                           

    DEPTNO   SUM(SAL)                                                           
---------- ----------                                                           
        12                                                                      
        20       1100                                                           
        10       1300                                                           
        40     200000                                                           
        30       1600                                                           
        30       2850                                                           
        30       1500                                                           

18 rows selected.

SQL> select deptno,sum(sal) from employee_hema group by deptno;

    DEPTNO   SUM(SAL)                                                           
---------- ----------                                                           
        30      59400                                                           
        20      60075                                                           
         2        400                                                           
        40     200000                                                           
        50     100000                                                           
        10      38750                                                           
        12                                                                      

7 rows selected.

SQL> spool off;
SQL> select job,sum(sal+ nvl(comm,0)) from employee_hema group by(job);

JOB                                      SUM(SAL+NVL(COMM,0))                   
---------------------------------------- --------------------                   
db                                                     201011                   
Manager                                                101213                   
                                                                                
software Employee                                       30123                   
SALESMAN                                                 7800                   
CLERK                                                    3350                   
kkto                                                      420                   
testing                                                 50789                   
PRESIDENT                                                5000                   
Developer                                               50456                   
MANAGER                                                  8275                   

JOB                                      SUM(SAL+NVL(COMM,0))                   
---------------------------------------- --------------------                   
ANALYST                                                  6000                   

12 rows selected.

SQL> select * from employee_hema;

     EMPNO ENAME                                                                
---------- ----------------------------------------                             
JOB                                             MGR HIREDATE         SAL        
---------------------------------------- ---------- --------- ----------        
      COMM     DEPTNO                                                           
---------- ----------                                                           
       101 Hema Priya                                                           
software Employee                              1234 15-OCT-17      30000        
       123         10                                                           
                                                                                
       102 kalyani                                                              
Developer                                       456 15-OCT-17      50000        
       456         20                                                           

     EMPNO ENAME                                                                
---------- ----------------------------------------                             
JOB                                             MGR HIREDATE         SAL        
---------------------------------------- ---------- --------- ----------        
      COMM     DEPTNO                                                           
---------- ----------                                                           
                                                                                
       103 chaitanya                                                            
testing                                         789 15-OCT-17      50000        
       789         30                                                           
                                                                                
       104 madhavi                                                              
db                                             1011 15-OCT-17     200000        

     EMPNO ENAME                                                                
---------- ----------------------------------------                             
JOB                                             MGR HIREDATE         SAL        
---------------------------------------- ---------- --------- ----------        
      COMM     DEPTNO                                                           
---------- ----------                                                           
      1011         40                                                           
                                                                                
       105 Kullu                                                                
Manager                                        1213 15-OCT-17     100000        
      1213         50                                                           
                                                                                
      7499 alias                                                                

     EMPNO ENAME                                                                
---------- ----------------------------------------                             
JOB                                             MGR HIREDATE         SAL        
---------------------------------------- ---------- --------- ----------        
      COMM     DEPTNO                                                           
---------- ----------                                                           
SALESMAN                                       7698 20-FEB-81       1600        
       300         30                                                           
                                                                                
      7521 WARD                                                                 
SALESMAN                                       7698 22-FEB-81       1250        
       500         30                                                           
                                                                                

     EMPNO ENAME                                                                
---------- ----------------------------------------                             
JOB                                             MGR HIREDATE         SAL        
---------------------------------------- ---------- --------- ----------        
      COMM     DEPTNO                                                           
---------- ----------                                                           
      7566 JONES                                                                
MANAGER                                        7839 02-APR-81       2975        
                   20                                                           
                                                                                
      7654 MARTIN                                                               
SALESMAN                                       7698 28-SEP-81       1250        
      1400         30                                                           

     EMPNO ENAME                                                                
---------- ----------------------------------------                             
JOB                                             MGR HIREDATE         SAL        
---------------------------------------- ---------- --------- ----------        
      COMM     DEPTNO                                                           
---------- ----------                                                           
                                                                                
      7698 BLAKE                                                                
MANAGER                                        7839 01-MAY-81       2850        
                   30                                                           
                                                                                
      7782 CLARK                                                                
MANAGER                                        7839 09-JUN-81       2450        

     EMPNO ENAME                                                                
---------- ----------------------------------------                             
JOB                                             MGR HIREDATE         SAL        
---------------------------------------- ---------- --------- ----------        
      COMM     DEPTNO                                                           
---------- ----------                                                           
                   10                                                           
                                                                                
      7788 SCOTT                                                                
ANALYST                                        7566 09-DEC-82       3000        
                   20                                                           
                                                                                
      7839 KING                                                                 

     EMPNO ENAME                                                                
---------- ----------------------------------------                             
JOB                                             MGR HIREDATE         SAL        
---------------------------------------- ---------- --------- ----------        
      COMM     DEPTNO                                                           
---------- ----------                                                           
PRESIDENT                                           17-NOV-81       5000        
                   10                                                           
                                                                                
      7844 TURNER                                                               
SALESMAN                                       7698 08-SEP-81       1500        
         0         30                                                           
                                                                                

     EMPNO ENAME                                                                
---------- ----------------------------------------                             
JOB                                             MGR HIREDATE         SAL        
---------------------------------------- ---------- --------- ----------        
      COMM     DEPTNO                                                           
---------- ----------                                                           
      7876 ADAMS                                                                
CLERK                                          7788 12-JAN-83       1100        
                   20                                                           
                                                                                
      7900 JAMES                                                                
CLERK                                          7698 03-DEC-81        950        
                   30                                                           

     EMPNO ENAME                                                                
---------- ----------------------------------------                             
JOB                                             MGR HIREDATE         SAL        
---------------------------------------- ---------- --------- ----------        
      COMM     DEPTNO                                                           
---------- ----------                                                           
                                                                                
      7902 FORD                                                                 
ANALYST                                        7566 03-DEC-81       3000        
                   20                                                           
                                                                                
      7934 MILLER                                                               
CLERK                                          7782 23-JAN-82       1300        

     EMPNO ENAME                                                                
---------- ----------------------------------------                             
JOB                                             MGR HIREDATE         SAL        
---------------------------------------- ---------- --------- ----------        
      COMM     DEPTNO                                                           
---------- ----------                                                           
                   10                                                           
                                                                                
      1200 priya                                                                
                                                                                
                   12                                                           
                                                                                
        12 kk                                                                   

     EMPNO ENAME                                                                
---------- ----------------------------------------                             
JOB                                             MGR HIREDATE         SAL        
---------------------------------------- ---------- --------- ----------        
      COMM     DEPTNO                                                           
---------- ----------                                                           
kkto                                             83 15-DEC-17        400        
        20          2                                                           
                                                                                

20 rows selected.

SQL> select job,min(sal) from employee_hema group by(job);

JOB                                        MIN(SAL)                             
---------------------------------------- ----------                             
db                                           200000                             
Manager                                      100000                             
                                                                                
software Employee                             30000                             
SALESMAN                                       1250                             
CLERK                                           950                             
kkto                                            400                             
testing                                       50000                             
PRESIDENT                                      5000                             
Developer                                     50000                             
MANAGER                                        2450                             

JOB                                        MIN(SAL)                             
---------------------------------------- ----------                             
ANALYST                                        3000                             

12 rows selected.

SQL> select deptno from employee_hema group by(deptno) having count(deptno)>3;

    DEPTNO                                                                      
----------                                                                      
        30                                                                      
        20                                                                      
        10                                                                      

SQL> select job,sum(sal+nvl(comm,0))  from employee_hema group by(job) having sum(sal+nvl(comm,0)) >40000;

JOB                                      SUM(SAL+NVL(COMM,0))                   
---------------------------------------- --------------------                   
db                                                     201011                   
Manager                                                101213                   
testing                                                 50789                   
Developer                                               50456                   

SQL> select job,count(job) from employee_hema group by(job) having count(job) >3;

JOB                                      COUNT(JOB)                             
---------------------------------------- ----------                             
SALESMAN                                          4                             

SQL> select ename from employee_hema where sal=(select max(sal) from employee_hema);

ENAME                                                                           
----------------------------------------                                        
madhavi                                                                         

SQL> select ename,empno from employee_hema where job='CLERK' AND sal=(select max(sal) from employee_hema where job='CLERK');

ENAME                                         EMPNO                             
---------------------------------------- ----------                             
MILLER                                         7934                             

SQL> SELECT empname,sal,comm,d.dname from d.dept,e.employee_hema where d.deptno=e.employee_hema;
SELECT empname,sal,comm,d.dname from d.dept,e.employee_hema where d.deptno=e.employee_hema
                                              *
ERROR at line 1:
ORA-00942: table or view does not exist 


SQL> select * from employee_hema;

     EMPNO ENAME                                                                
---------- ----------------------------------------                             
JOB                                             MGR HIREDATE         SAL        
---------------------------------------- ---------- --------- ----------        
      COMM     DEPTNO                                                           
---------- ----------                                                           
       101 Hema Priya                                                           
software Employee                              1234 15-OCT-17      30000        
       123         10                                                           
                                                                                
       102 kalyani                                                              
Developer                                       456 15-OCT-17      50000        
       456         20                                                           

     EMPNO ENAME                                                                
---------- ----------------------------------------                             
JOB                                             MGR HIREDATE         SAL        
---------------------------------------- ---------- --------- ----------        
      COMM     DEPTNO                                                           
---------- ----------                                                           
                                                                                
       103 chaitanya                                                            
testing                                         789 15-OCT-17      50000        
       789         30                                                           
                                                                                
       104 madhavi                                                              
db                                             1011 15-OCT-17     200000        

     EMPNO ENAME                                                                
---------- ----------------------------------------                             
JOB                                             MGR HIREDATE         SAL        
---------------------------------------- ---------- --------- ----------        
      COMM     DEPTNO                                                           
---------- ----------                                                           
      1011         40                                                           
                                                                                
       105 Kullu                                                                
Manager                                        1213 15-OCT-17     100000        
      1213         50                                                           
                                                                                
      7499 alias                                                                

     EMPNO ENAME                                                                
---------- ----------------------------------------                             
JOB                                             MGR HIREDATE         SAL        
---------------------------------------- ---------- --------- ----------        
      COMM     DEPTNO                                                           
---------- ----------                                                           
SALESMAN                                       7698 20-FEB-81       1600        
       300         30                                                           
                                                                                
      7521 WARD                                                                 
SALESMAN                                       7698 22-FEB-81       1250        
       500         30                                                           
                                                                                

     EMPNO ENAME                                                                
---------- ----------------------------------------                             
JOB                                             MGR HIREDATE         SAL        
---------------------------------------- ---------- --------- ----------        
      COMM     DEPTNO                                                           
---------- ----------                                                           
      7566 JONES                                                                
MANAGER                                        7839 02-APR-81       2975        
                   20                                                           
                                                                                
      7654 MARTIN                                                               
SALESMAN                                       7698 28-SEP-81       1250        
      1400         30                                                           

     EMPNO ENAME                                                                
---------- ----------------------------------------                             
JOB                                             MGR HIREDATE         SAL        
---------------------------------------- ---------- --------- ----------        
      COMM     DEPTNO                                                           
---------- ----------                                                           
                                                                                
      7698 BLAKE                                                                
MANAGER                                        7839 01-MAY-81       2850        
                   30                                                           
                                                                                
      7782 CLARK                                                                
MANAGER                                        7839 09-JUN-81       2450        

     EMPNO ENAME                                                                
---------- ----------------------------------------                             
JOB                                             MGR HIREDATE         SAL        
---------------------------------------- ---------- --------- ----------        
      COMM     DEPTNO                                                           
---------- ----------                                                           
                   10                                                           
                                                                                
      7788 SCOTT                                                                
ANALYST                                        7566 09-DEC-82       3000        
                   20                                                           
                                                                                
      7839 KING                                                                 

     EMPNO ENAME                                                                
---------- ----------------------------------------                             
JOB                                             MGR HIREDATE         SAL        
---------------------------------------- ---------- --------- ----------        
      COMM     DEPTNO                                                           
---------- ----------                                                           
PRESIDENT                                           17-NOV-81       5000        
                   10                                                           
                                                                                
      7844 TURNER                                                               
SALESMAN                                       7698 08-SEP-81       1500        
         0         30                                                           
                                                                                

     EMPNO ENAME                                                                
---------- ----------------------------------------                             
JOB                                             MGR HIREDATE         SAL        
---------------------------------------- ---------- --------- ----------        
      COMM     DEPTNO                                                           
---------- ----------                                                           
      7876 ADAMS                                                                
CLERK                                          7788 12-JAN-83       1100        
                   20                                                           
                                                                                
      7900 JAMES                                                                
CLERK                                          7698 03-DEC-81        950        
                   30                                                           

     EMPNO ENAME                                                                
---------- ----------------------------------------                             
JOB                                             MGR HIREDATE         SAL        
---------------------------------------- ---------- --------- ----------        
      COMM     DEPTNO                                                           
---------- ----------                                                           
                                                                                
      7902 FORD                                                                 
ANALYST                                        7566 03-DEC-81       3000        
                   20                                                           
                                                                                
      7934 MILLER                                                               
CLERK                                          7782 23-JAN-82       1300        

     EMPNO ENAME                                                                
---------- ----------------------------------------                             
JOB                                             MGR HIREDATE         SAL        
---------------------------------------- ---------- --------- ----------        
      COMM     DEPTNO                                                           
---------- ----------                                                           
                   10                                                           
                                                                                
      1200 priya                                                                
                                                                                
                   12                                                           
                                                                                
        12 kk                                                                   

     EMPNO ENAME                                                                
---------- ----------------------------------------                             
JOB                                             MGR HIREDATE         SAL        
---------------------------------------- ---------- --------- ----------        
      COMM     DEPTNO                                                           
---------- ----------                                                           
kkto                                             83 15-DEC-17        400        
        20          2                                                           
                                                                                

20 rows selected.

SQL> SELECTe. empnamee.,sal,e.comm,d.dname from d.dept,e.employee_hema where d.deptno=e.employee_hema;
SP2-0734: unknown command beginning "SELECTe. e..." - rest of line ignored.
SQL> SELECT e.empnamee.,sal,e.comm,d.dname from d.dept,e.employee_hema where d.deptno=e.employee_hema;
SELECT e.empnamee.,sal,e.comm,d.dname from d.dept,e.employee_hema where d.deptno=e.employee_hema
                  *
ERROR at line 1:
ORA-01747: invalid user.table.column, table.column, or column specification 


SQL> SELECT e.empname,e.sal,e.comm,d.dname from d.dept,e.employee_hema where d.deptno=e.employee_hema;
SELECT e.empname,e.sal,e.comm,d.dname from d.dept,e.employee_hema where d.deptno=e.employee_hema
                                                    *
ERROR at line 1:
ORA-00942: table or view does not exist 


SQL> SELECT e.empname,e.sal,e.comm,d.dname from d.dept, e.employee_hema where d.deptno=e.employee_hema;
SELECT e.empname,e.sal,e.comm,d.dname from d.dept, e.employee_hema where d.deptno=e.employee_hema
                                                     *
ERROR at line 1:
ORA-00942: table or view does not exist 


SQL> SELECT e.empname,e.sal,e.comm,d.dname from d.dept and e.employee_hema where d.deptno=e.employee_hema;
SELECT e.empname,e.sal,e.comm,d.dname from d.dept and e.employee_hema where d.deptno=e.employee_hema
                                                  *
ERROR at line 1:
ORA-00933: SQL command not properly ended 


SQL> SELECT e.empname,e.sal,e.comm,d.dname from dept d , employee_hema e where d.deptno=e.employee_hema;
SELECT e.empname,e.sal,e.comm,d.dname from dept d , employee_hema e where d.deptno=e.employee_hema
                                                                                   *
ERROR at line 1:
ORA-00904: "E"."EMPLOYEE_HEMA": invalid identifier 


SQL> SELECT e.empname,e.sal,e.comm,d.dname from dept d , employee_hema e where d.deptno=e.deptno;
SELECT e.empname,e.sal,e.comm,d.dname from dept d , employee_hema e where d.deptno=e.deptno
       *
ERROR at line 1:
ORA-00904: "E"."EMPNAME": invalid identifier 


SQL> spool off;
SQL> SELECT e.empname,e.sal,e.comm,d.dname from dept d , employee_hema e where d.deptno=e.deptno;
SELECT e.empname,e.sal,e.comm,d.dname from dept d , employee_hema e where d.deptno=e.deptno
       *
ERROR at line 1:
ORA-00904: "E"."EMPNAME": invalid identifier 


SQL> SELECT e.ename,e.sal,e.comm,d.dname from dept d , employee_hema e where d.deptno=e.deptno;

ENAME                                           SAL       COMM DNAME            
---------------------------------------- ---------- ---------- --------------   
Hema Priya                                    30000        123 ACCOUNTING       
kalyani                                       50000        456 RESEARCH         
chaitanya                                     50000        789 SALES            
madhavi                                      200000       1011 OPERATIONS       
alias                                          1600        300 SALES            
WARD                                           1250        500 SALES            
JONES                                          2975            RESEARCH         
MARTIN                                         1250       1400 SALES            
BLAKE                                          2850            SALES            
CLARK                                          2450            ACCOUNTING       
SCOTT                                          3000            RESEARCH         

ENAME                                           SAL       COMM DNAME            
---------------------------------------- ---------- ---------- --------------   
KING                                           5000            ACCOUNTING       
TURNER                                         1500          0 SALES            
ADAMS                                          1100            RESEARCH         
JAMES                                           950            SALES            
FORD                                           3000            RESEARCH         
MILLER                                         1300            ACCOUNTING       

17 rows selected.

SQL> SELECT e.ename,e.sal,e.comm,d.dname from dept d , employee_hema e where d.deptno=e.deptno and e.sal between 2000 and 5000 and d.loc='CHICAGO';

ENAME                                           SAL       COMM DNAME            
---------------------------------------- ---------- ---------- --------------   
BLAKE                                          2850            SALES            

SQL> select * from employee_hema a where sal >(select b.sal from from employee_hema where  b.empno=a.mgr);
select * from employee_hema a where sal >(select b.sal from from employee_hema where  b.empno=a.mgr)
                                                            *
ERROR at line 1:
ORA-00903: invalid table name 


SQL> select * from employee_hema a where sal >(select b.sal from from employee_hema b where  b.empno=a.mgr);
select * from employee_hema a where sal >(select b.sal from from employee_hema b where  b.empno=a.mgr)
                                                            *
ERROR at line 1:
ORA-00903: invalid table name 


SQL> select * from employee_hema a where sal >(select b.sal  from employee_hema b where  b.empno=a.mgr);

     EMPNO ENAME                                                                
---------- ----------------------------------------                             
JOB                                             MGR HIREDATE         SAL        
---------------------------------------- ---------- --------- ----------        
      COMM     DEPTNO                                                           
---------- ----------                                                           
      7788 SCOTT                                                                
ANALYST                                        7566 09-DEC-82       3000        
                   20                                                           
                                                                                
      7902 FORD                                                                 
ANALYST                                        7566 03-DEC-81       3000        
                   20                                                           

     EMPNO ENAME                                                                
---------- ----------------------------------------                             
JOB                                             MGR HIREDATE         SAL        
---------------------------------------- ---------- --------- ----------        
      COMM     DEPTNO                                                           
---------- ----------                                                           
                                                                                

SQL> select * from employee_hema e where e.deptno=(select e1.deptno from employee_hema b where b.empno=e.mgr);
select * from employee_hema e where e.deptno=(select e1.deptno from employee_hema b where b.empno=e.mgr)
                                                     *
ERROR at line 1:
ORA-00904: "E1"."DEPTNO": invalid identifier 


SQL> select * from employee_hema e where e.deptno=(select b.deptno from employee_hema b where b.empno=e.mgr);

     EMPNO ENAME                                                                
---------- ----------------------------------------                             
JOB                                             MGR HIREDATE         SAL        
---------------------------------------- ---------- --------- ----------        
      COMM     DEPTNO                                                           
---------- ----------                                                           
      7499 alias                                                                
SALESMAN                                       7698 20-FEB-81       1600        
       300         30                                                           
                                                                                
      7521 WARD                                                                 
SALESMAN                                       7698 22-FEB-81       1250        
       500         30                                                           

     EMPNO ENAME                                                                
---------- ----------------------------------------                             
JOB                                             MGR HIREDATE         SAL        
---------------------------------------- ---------- --------- ----------        
      COMM     DEPTNO                                                           
---------- ----------                                                           
                                                                                
      7654 MARTIN                                                               
SALESMAN                                       7698 28-SEP-81       1250        
      1400         30                                                           
                                                                                
      7782 CLARK                                                                
MANAGER                                        7839 09-JUN-81       2450        

     EMPNO ENAME                                                                
---------- ----------------------------------------                             
JOB                                             MGR HIREDATE         SAL        
---------------------------------------- ---------- --------- ----------        
      COMM     DEPTNO                                                           
---------- ----------                                                           
                   10                                                           
                                                                                
      7788 SCOTT                                                                
ANALYST                                        7566 09-DEC-82       3000        
                   20                                                           
                                                                                
      7844 TURNER                                                               

     EMPNO ENAME                                                                
---------- ----------------------------------------                             
JOB                                             MGR HIREDATE         SAL        
---------------------------------------- ---------- --------- ----------        
      COMM     DEPTNO                                                           
---------- ----------                                                           
SALESMAN                                       7698 08-SEP-81       1500        
         0         30                                                           
                                                                                
      7876 ADAMS                                                                
CLERK                                          7788 12-JAN-83       1100        
                   20                                                           
                                                                                

     EMPNO ENAME                                                                
---------- ----------------------------------------                             
JOB                                             MGR HIREDATE         SAL        
---------------------------------------- ---------- --------- ----------        
      COMM     DEPTNO                                                           
---------- ----------                                                           
      7900 JAMES                                                                
CLERK                                          7698 03-DEC-81        950        
                   30                                                           
                                                                                
      7902 FORD                                                                 
ANALYST                                        7566 03-DEC-81       3000        
                   20                                                           

     EMPNO ENAME                                                                
---------- ----------------------------------------                             
JOB                                             MGR HIREDATE         SAL        
---------------------------------------- ---------- --------- ----------        
      COMM     DEPTNO                                                           
---------- ----------                                                           
                                                                                
      7934 MILLER                                                               
CLERK                                          7782 23-JAN-82       1300        
                   10                                                           
                                                                                

10 rows selected.

SQL> select e.ename,e.job,d.dname,d.loc from employee_hema e,dept d where e.deptno=d.deptno;

ENAME                                                                           
----------------------------------------                                        
JOB                                      DNAME          LOC                     
---------------------------------------- -------------- -------------           
Hema Priya                                                                      
software Employee                        ACCOUNTING     NEW YORK                
                                                                                
kalyani                                                                         
Developer                                RESEARCH       DALLAS                  
                                                                                
chaitanya                                                                       
testing                                  SALES          CHICAGO                 
                                                                                

ENAME                                                                           
----------------------------------------                                        
JOB                                      DNAME          LOC                     
---------------------------------------- -------------- -------------           
madhavi                                                                         
db                                       OPERATIONS     BOSTON                  
                                                                                
alias                                                                           
SALESMAN                                 SALES          CHICAGO                 
                                                                                
WARD                                                                            
SALESMAN                                 SALES          CHICAGO                 
                                                                                

ENAME                                                                           
----------------------------------------                                        
JOB                                      DNAME          LOC                     
---------------------------------------- -------------- -------------           
JONES                                                                           
MANAGER                                  RESEARCH       DALLAS                  
                                                                                
MARTIN                                                                          
SALESMAN                                 SALES          CHICAGO                 
                                                                                
BLAKE                                                                           
MANAGER                                  SALES          CHICAGO                 
                                                                                

ENAME                                                                           
----------------------------------------                                        
JOB                                      DNAME          LOC                     
---------------------------------------- -------------- -------------           
CLARK                                                                           
MANAGER                                  ACCOUNTING     NEW YORK                
                                                                                
SCOTT                                                                           
ANALYST                                  RESEARCH       DALLAS                  
                                                                                
KING                                                                            
PRESIDENT                                ACCOUNTING     NEW YORK                
                                                                                

ENAME                                                                           
----------------------------------------                                        
JOB                                      DNAME          LOC                     
---------------------------------------- -------------- -------------           
TURNER                                                                          
SALESMAN                                 SALES          CHICAGO                 
                                                                                
ADAMS                                                                           
CLERK                                    RESEARCH       DALLAS                  
                                                                                
JAMES                                                                           
CLERK                                    SALES          CHICAGO                 
                                                                                

ENAME                                                                           
----------------------------------------                                        
JOB                                      DNAME          LOC                     
---------------------------------------- -------------- -------------           
FORD                                                                            
ANALYST                                  RESEARCH       DALLAS                  
                                                                                
MILLER                                                                          
CLERK                                    ACCOUNTING     NEW YORK                
                                                                                

17 rows selected.

SQL> select e.ename,e.job,d.dname,d.loc from employee_hema e,dept d where mgr is not null;

ENAME                                                                           
----------------------------------------                                        
JOB                                      DNAME          LOC                     
---------------------------------------- -------------- -------------           
Hema Priya                                                                      
software Employee                        ACCOUNTING     NEW YORK                
                                                                                
kalyani                                                                         
Developer                                ACCOUNTING     NEW YORK                
                                                                                
chaitanya                                                                       
testing                                  ACCOUNTING     NEW YORK                
                                                                                

ENAME                                                                           
----------------------------------------                                        
JOB                                      DNAME          LOC                     
---------------------------------------- -------------- -------------           
madhavi                                                                         
db                                       ACCOUNTING     NEW YORK                
                                                                                
Kullu                                                                           
Manager                                  ACCOUNTING     NEW YORK                
                                                                                
alias                                                                           
SALESMAN                                 ACCOUNTING     NEW YORK                
                                                                                

ENAME                                                                           
----------------------------------------                                        
JOB                                      DNAME          LOC                     
---------------------------------------- -------------- -------------           
WARD                                                                            
SALESMAN                                 ACCOUNTING     NEW YORK                
                                                                                
JONES                                                                           
MANAGER                                  ACCOUNTING     NEW YORK                
                                                                                
MARTIN                                                                          
SALESMAN                                 ACCOUNTING     NEW YORK                
                                                                                

ENAME                                                                           
----------------------------------------                                        
JOB                                      DNAME          LOC                     
---------------------------------------- -------------- -------------           
BLAKE                                                                           
MANAGER                                  ACCOUNTING     NEW YORK                
                                                                                
CLARK                                                                           
MANAGER                                  ACCOUNTING     NEW YORK                
                                                                                
SCOTT                                                                           
ANALYST                                  ACCOUNTING     NEW YORK                
                                                                                

ENAME                                                                           
----------------------------------------                                        
JOB                                      DNAME          LOC                     
---------------------------------------- -------------- -------------           
TURNER                                                                          
SALESMAN                                 ACCOUNTING     NEW YORK                
                                                                                
ADAMS                                                                           
CLERK                                    ACCOUNTING     NEW YORK                
                                                                                
JAMES                                                                           
CLERK                                    ACCOUNTING     NEW YORK                
                                                                                

ENAME                                                                           
----------------------------------------                                        
JOB                                      DNAME          LOC                     
---------------------------------------- -------------- -------------           
FORD                                                                            
ANALYST                                  ACCOUNTING     NEW YORK                
                                                                                
MILLER                                                                          
CLERK                                    ACCOUNTING     NEW YORK                
                                                                                
kk                                                                              
kkto                                     ACCOUNTING     NEW YORK                
                                                                                

ENAME                                                                           
----------------------------------------                                        
JOB                                      DNAME          LOC                     
---------------------------------------- -------------- -------------           
Hema Priya                                                                      
software Employee                        RESEARCH       DALLAS                  
                                                                                
kalyani                                                                         
Developer                                RESEARCH       DALLAS                  
                                                                                
chaitanya                                                                       
testing                                  RESEARCH       DALLAS                  
                                                                                

ENAME                                                                           
----------------------------------------                                        
JOB                                      DNAME          LOC                     
---------------------------------------- -------------- -------------           
madhavi                                                                         
db                                       RESEARCH       DALLAS                  
                                                                                
Kullu                                                                           
Manager                                  RESEARCH       DALLAS                  
                                                                                
alias                                                                           
SALESMAN                                 RESEARCH       DALLAS                  
                                                                                

ENAME                                                                           
----------------------------------------                                        
JOB                                      DNAME          LOC                     
---------------------------------------- -------------- -------------           
WARD                                                                            
SALESMAN                                 RESEARCH       DALLAS                  
                                                                                
JONES                                                                           
MANAGER                                  RESEARCH       DALLAS                  
                                                                                
MARTIN                                                                          
SALESMAN                                 RESEARCH       DALLAS                  
                                                                                

ENAME                                                                           
----------------------------------------                                        
JOB                                      DNAME          LOC                     
---------------------------------------- -------------- -------------           
BLAKE                                                                           
MANAGER                                  RESEARCH       DALLAS                  
                                                                                
CLARK                                                                           
MANAGER                                  RESEARCH       DALLAS                  
                                                                                
SCOTT                                                                           
ANALYST                                  RESEARCH       DALLAS                  
                                                                                

ENAME                                                                           
----------------------------------------                                        
JOB                                      DNAME          LOC                     
---------------------------------------- -------------- -------------           
TURNER                                                                          
SALESMAN                                 RESEARCH       DALLAS                  
                                                                                
ADAMS                                                                           
CLERK                                    RESEARCH       DALLAS                  
                                                                                
JAMES                                                                           
CLERK                                    RESEARCH       DALLAS                  
                                                                                

ENAME                                                                           
----------------------------------------                                        
JOB                                      DNAME          LOC                     
---------------------------------------- -------------- -------------           
FORD                                                                            
ANALYST                                  RESEARCH       DALLAS                  
                                                                                
MILLER                                                                          
CLERK                                    RESEARCH       DALLAS                  
                                                                                
kk                                                                              
kkto                                     RESEARCH       DALLAS                  
                                                                                

ENAME                                                                           
----------------------------------------                                        
JOB                                      DNAME          LOC                     
---------------------------------------- -------------- -------------           
Hema Priya                                                                      
software Employee                        SALES          CHICAGO                 
                                                                                
kalyani                                                                         
Developer                                SALES          CHICAGO                 
                                                                                
chaitanya                                                                       
testing                                  SALES          CHICAGO                 
                                                                                

ENAME                                                                           
----------------------------------------                                        
JOB                                      DNAME          LOC                     
---------------------------------------- -------------- -------------           
madhavi                                                                         
db                                       SALES          CHICAGO                 
                                                                                
Kullu                                                                           
Manager                                  SALES          CHICAGO                 
                                                                                
alias                                                                           
SALESMAN                                 SALES          CHICAGO                 
                                                                                

ENAME                                                                           
----------------------------------------                                        
JOB                                      DNAME          LOC                     
---------------------------------------- -------------- -------------           
WARD                                                                            
SALESMAN                                 SALES          CHICAGO                 
                                                                                
JONES                                                                           
MANAGER                                  SALES          CHICAGO                 
                                                                                
MARTIN                                                                          
SALESMAN                                 SALES          CHICAGO                 
                                                                                

ENAME                                                                           
----------------------------------------                                        
JOB                                      DNAME          LOC                     
---------------------------------------- -------------- -------------           
BLAKE                                                                           
MANAGER                                  SALES          CHICAGO                 
                                                                                
CLARK                                                                           
MANAGER                                  SALES          CHICAGO                 
                                                                                
SCOTT                                                                           
ANALYST                                  SALES          CHICAGO                 
                                                                                

ENAME                                                                           
----------------------------------------                                        
JOB                                      DNAME          LOC                     
---------------------------------------- -------------- -------------           
TURNER                                                                          
SALESMAN                                 SALES          CHICAGO                 
                                                                                
ADAMS                                                                           
CLERK                                    SALES          CHICAGO                 
                                                                                
JAMES                                                                           
CLERK                                    SALES          CHICAGO                 
                                                                                

ENAME                                                                           
----------------------------------------                                        
JOB                                      DNAME          LOC                     
---------------------------------------- -------------- -------------           
FORD                                                                            
ANALYST                                  SALES          CHICAGO                 
                                                                                
MILLER                                                                          
CLERK                                    SALES          CHICAGO                 
                                                                                
kk                                                                              
kkto                                     SALES          CHICAGO                 
                                                                                

ENAME                                                                           
----------------------------------------                                        
JOB                                      DNAME          LOC                     
---------------------------------------- -------------- -------------           
Hema Priya                                                                      
software Employee                        OPERATIONS     BOSTON                  
                                                                                
kalyani                                                                         
Developer                                OPERATIONS     BOSTON                  
                                                                                
chaitanya                                                                       
testing                                  OPERATIONS     BOSTON                  
                                                                                

ENAME                                                                           
----------------------------------------                                        
JOB                                      DNAME          LOC                     
---------------------------------------- -------------- -------------           
madhavi                                                                         
db                                       OPERATIONS     BOSTON                  
                                                                                
Kullu                                                                           
Manager                                  OPERATIONS     BOSTON                  
                                                                                
alias                                                                           
SALESMAN                                 OPERATIONS     BOSTON                  
                                                                                

ENAME                                                                           
----------------------------------------                                        
JOB                                      DNAME          LOC                     
---------------------------------------- -------------- -------------           
WARD                                                                            
SALESMAN                                 OPERATIONS     BOSTON                  
                                                                                
JONES                                                                           
MANAGER                                  OPERATIONS     BOSTON                  
                                                                                
MARTIN                                                                          
SALESMAN                                 OPERATIONS     BOSTON                  
                                                                                

ENAME                                                                           
----------------------------------------                                        
JOB                                      DNAME          LOC                     
---------------------------------------- -------------- -------------           
BLAKE                                                                           
MANAGER                                  OPERATIONS     BOSTON                  
                                                                                
CLARK                                                                           
MANAGER                                  OPERATIONS     BOSTON                  
                                                                                
SCOTT                                                                           
ANALYST                                  OPERATIONS     BOSTON                  
                                                                                

ENAME                                                                           
----------------------------------------                                        
JOB                                      DNAME          LOC                     
---------------------------------------- -------------- -------------           
TURNER                                                                          
SALESMAN                                 OPERATIONS     BOSTON                  
                                                                                
ADAMS                                                                           
CLERK                                    OPERATIONS     BOSTON                  
                                                                                
JAMES                                                                           
CLERK                                    OPERATIONS     BOSTON                  
                                                                                

ENAME                                                                           
----------------------------------------                                        
JOB                                      DNAME          LOC                     
---------------------------------------- -------------- -------------           
FORD                                                                            
ANALYST                                  OPERATIONS     BOSTON                  
                                                                                
MILLER                                                                          
CLERK                                    OPERATIONS     BOSTON                  
                                                                                
kk                                                                              
kkto                                     OPERATIONS     BOSTON                  
                                                                                

72 rows selected.

SQL> select a.ename from employee_hema a, employee_hema b where a.ename='JONES' and a.empno=b.mgr;

ENAME                                                                           
----------------------------------------                                        
JONES                                                                           
JONES                                                                           

SQL> select e.ename,e.sal,grade from employee_hema e,salgrade where e.sal between losal and hisal and  e.ename='FORD' AND hisal=sal;

ENAME                                           SAL      GRADE                  
---------------------------------------- ---------- ----------                  
FORD                                           3000          4                  

SQL> SELECT E.ENAME,E.JOB,DNAME,EMP.ENAME,GRADE FROM EMPLOYEE_HEMA ,EMPLOYEE_HEMA E,SALGRADE,DEPT WHERE EMP.SAL BETWEEN LOSAL AND HISAL AND EMP.EMPNO=E.MGR AND EMP.DEPTNO=DEPT.DEPTNO ORDER BY DNAME;
SELECT E.ENAME,E.JOB,DNAME,EMP.ENAME,GRADE FROM EMPLOYEE_HEMA ,EMPLOYEE_HEMA E,SALGRADE,DEPT WHERE EMP.SAL BETWEEN LOSAL AND HISAL AND EMP.EMPNO=E.MGR AND EMP.DEPTNO=DEPT.DEPTNO ORDER BY DNAME
                                                                                                                                                           *
ERROR at line 1:
ORA-00904: "EMP"."DEPTNO": invalid identifier 


SQL> SELECT E.ENAME,E.JOB,DNAME,EMP.ENAME,GRADE FROM EMP,EMP E,SALGRADE,DEPT WHERE EMP.SAL BETWEEN LOSAL AND HISAL AND EMP.EMPNO=E.MGR AND EMP.DEPTNO=DEPT.DEPTNO ORDER BY DNAME
  2  
SQL> SELECT E.ENAME,E.JOB,DNAME,EMP.ENAME,GRADE FROM EMP,EMP E,SALGRADE,DEPT WHERE EMP.SAL BETWEEN LOSAL AND HISAL AND EMP.EMPNO=E.MGR AND EMP.DEPTNO=DEPT.DEPTNO ORDER BY DNAME;

ENAME      JOB       DNAME          ENAME           GRADE                       
---------- --------- -------------- ---------- ----------                       
MILLER     CLERK     ACCOUNTING     CLARK               4                       
BLAKE      MANAGER   ACCOUNTING     KING                5                       
CLARK      MANAGER   ACCOUNTING     KING                5                       
JONES      MANAGER   ACCOUNTING     KING                5                       
SCOTT      ANALYST   RESEARCH       JONES               4                       
ADAMS      CLERK     RESEARCH       SCOTT               4                       
FORD       ANALYST   RESEARCH       JONES               4                       
alias      SALESMAN  SALES          BLAKE               4                       
WARD       SALESMAN  SALES          BLAKE               4                       
MARTIN     SALESMAN  SALES          BLAKE               4                       
JAMES      CLERK     SALES          BLAKE               4                       

ENAME      JOB       DNAME          ENAME           GRADE                       
---------- --------- -------------- ---------- ----------                       
TURNER     SALESMAN  SALES          BLAKE               4                       

12 rows selected.

SQL> SELECT ENAME,JOB,DNAME,SAL,GRADE FROM EMP,SALGRADE,DEPT WHERE SAL BETWEEN LOSAL AND HISAL AND EMP.DEPTNO=DEPT.DEPTNO AND JOB NOT IN('CLERK')ORDER BY SAL ASC;

ENAME      JOB       DNAME                 SAL      GRADE                       
---------- --------- -------------- ---------- ----------                       
WARD       SALESMAN  SALES                1250          2                       
MARTIN     SALESMAN  SALES                1250          2                       
TURNER     SALESMAN  SALES                1500          3                       
alias      SALESMAN  SALES                1600          3                       
CLARK      MANAGER   ACCOUNTING           2450          4                       
BLAKE      MANAGER   SALES                2850          4                       
JONES      MANAGER   RESEARCH             2975          4                       
FORD       ANALYST   RESEARCH             3000          4                       
SCOTT      ANALYST   RESEARCH             3000          4                       
KING       PRESIDENT ACCOUNTING           5000          5                       

10 rows selected.

SQL> select e.ename,e.job,eMP.ename AS Manager from emp,emp e where emp.empno(+)=e.mgr
  2  
SQL> select e.ename,e.job,eMP.ename AS Manager from emp,emp e where emp.empno(+)=e.mgr;

ENAME      JOB       MANAGER                                                    
---------- --------- ----------                                                 
FORD       ANALYST   JONES                                                      
SCOTT      ANALYST   JONES                                                      
JAMES      CLERK     BLAKE                                                      
TURNER     SALESMAN  BLAKE                                                      
MARTIN     SALESMAN  BLAKE                                                      
WARD       SALESMAN  BLAKE                                                      
alias      SALESMAN  BLAKE                                                      
MILLER     CLERK     CLARK                                                      
ADAMS      CLERK     SCOTT                                                      
CLARK      MANAGER   KING                                                       
BLAKE      MANAGER   KING                                                       

ENAME      JOB       MANAGER                                                    
---------- --------- ----------                                                 
JONES      MANAGER   KING                                                       
priya                                                                           
KING       PRESIDENT                                                            
kk         kkto                                                                 

15 rows selected.

SQL> select e.ename,e.job,b.ename from employee_hema b,employee_hema e where b.empno=e.mgr;

ENAME                                                                           
----------------------------------------                                        
JOB                                                                             
----------------------------------------                                        
ENAME                                                                           
----------------------------------------                                        
FORD                                                                            
ANALYST                                                                         
JONES                                                                           
                                                                                
SCOTT                                                                           
ANALYST                                                                         
JONES                                                                           

ENAME                                                                           
----------------------------------------                                        
JOB                                                                             
----------------------------------------                                        
ENAME                                                                           
----------------------------------------                                        
                                                                                
JAMES                                                                           
CLERK                                                                           
BLAKE                                                                           
                                                                                
TURNER                                                                          
SALESMAN                                                                        

ENAME                                                                           
----------------------------------------                                        
JOB                                                                             
----------------------------------------                                        
ENAME                                                                           
----------------------------------------                                        
BLAKE                                                                           
                                                                                
MARTIN                                                                          
SALESMAN                                                                        
BLAKE                                                                           
                                                                                
WARD                                                                            

ENAME                                                                           
----------------------------------------                                        
JOB                                                                             
----------------------------------------                                        
ENAME                                                                           
----------------------------------------                                        
SALESMAN                                                                        
BLAKE                                                                           
                                                                                
alias                                                                           
SALESMAN                                                                        
BLAKE                                                                           
                                                                                

ENAME                                                                           
----------------------------------------                                        
JOB                                                                             
----------------------------------------                                        
ENAME                                                                           
----------------------------------------                                        
MILLER                                                                          
CLERK                                                                           
CLARK                                                                           
                                                                                
ADAMS                                                                           
CLERK                                                                           
SCOTT                                                                           

ENAME                                                                           
----------------------------------------                                        
JOB                                                                             
----------------------------------------                                        
ENAME                                                                           
----------------------------------------                                        
                                                                                
CLARK                                                                           
MANAGER                                                                         
KING                                                                            
                                                                                
BLAKE                                                                           
MANAGER                                                                         

ENAME                                                                           
----------------------------------------                                        
JOB                                                                             
----------------------------------------                                        
ENAME                                                                           
----------------------------------------                                        
KING                                                                            
                                                                                
JONES                                                                           
MANAGER                                                                         
KING                                                                            
                                                                                

12 rows selected.

SQL> select * from employee_hema e where 6>(select count(distinct sal) from employee_hema a where a.sal>e.sal) order by sal;

     EMPNO ENAME                                                                
---------- ----------------------------------------                             
JOB                                             MGR HIREDATE         SAL        
---------------------------------------- ---------- --------- ----------        
      COMM     DEPTNO                                                           
---------- ----------                                                           
      7902 FORD                                                                 
ANALYST                                        7566 03-DEC-81       3000        
                   20                                                           
                                                                                
      7788 SCOTT                                                                
ANALYST                                        7566 09-DEC-82       3000        
                   20                                                           

     EMPNO ENAME                                                                
---------- ----------------------------------------                             
JOB                                             MGR HIREDATE         SAL        
---------------------------------------- ---------- --------- ----------        
      COMM     DEPTNO                                                           
---------- ----------                                                           
                                                                                
      7839 KING                                                                 
PRESIDENT                                           17-NOV-81       5000        
                   10                                                           
                                                                                
       101 Hema Priya                                                           
software Employee                              1234 15-OCT-17      30000        

     EMPNO ENAME                                                                
---------- ----------------------------------------                             
JOB                                             MGR HIREDATE         SAL        
---------------------------------------- ---------- --------- ----------        
      COMM     DEPTNO                                                           
---------- ----------                                                           
       123         10                                                           
                                                                                
       102 kalyani                                                              
Developer                                       456 15-OCT-17      50000        
       456         20                                                           
                                                                                
       103 chaitanya                                                            

     EMPNO ENAME                                                                
---------- ----------------------------------------                             
JOB                                             MGR HIREDATE         SAL        
---------------------------------------- ---------- --------- ----------        
      COMM     DEPTNO                                                           
---------- ----------                                                           
testing                                         789 15-OCT-17      50000        
       789         30                                                           
                                                                                
       105 Kullu                                                                
Manager                                        1213 15-OCT-17     100000        
      1213         50                                                           
                                                                                

     EMPNO ENAME                                                                
---------- ----------------------------------------                             
JOB                                             MGR HIREDATE         SAL        
---------------------------------------- ---------- --------- ----------        
      COMM     DEPTNO                                                           
---------- ----------                                                           
       104 madhavi                                                              
db                                             1011 15-OCT-17     200000        
      1011         40                                                           
                                                                                
      1200 priya                                                                
                                                                                
                   12                                                           

     EMPNO ENAME                                                                
---------- ----------------------------------------                             
JOB                                             MGR HIREDATE         SAL        
---------------------------------------- ---------- --------- ----------        
      COMM     DEPTNO                                                           
---------- ----------                                                           
                                                                                

9 rows selected.

SQL> select * from employee_hema e where 6>(select count(distinct sal) from employee_hema a where a.sal>e.sal) order by sal desc;

     EMPNO ENAME                                                                
---------- ----------------------------------------                             
JOB                                             MGR HIREDATE         SAL        
---------------------------------------- ---------- --------- ----------        
      COMM     DEPTNO                                                           
---------- ----------                                                           
      1200 priya                                                                
                                                                                
                   12                                                           
                                                                                
       104 madhavi                                                              
db                                             1011 15-OCT-17     200000        
      1011         40                                                           

     EMPNO ENAME                                                                
---------- ----------------------------------------                             
JOB                                             MGR HIREDATE         SAL        
---------------------------------------- ---------- --------- ----------        
      COMM     DEPTNO                                                           
---------- ----------                                                           
                                                                                
       105 Kullu                                                                
Manager                                        1213 15-OCT-17     100000        
      1213         50                                                           
                                                                                
       102 kalyani                                                              
Developer                                       456 15-OCT-17      50000        

     EMPNO ENAME                                                                
---------- ----------------------------------------                             
JOB                                             MGR HIREDATE         SAL        
---------------------------------------- ---------- --------- ----------        
      COMM     DEPTNO                                                           
---------- ----------                                                           
       456         20                                                           
                                                                                
       103 chaitanya                                                            
testing                                         789 15-OCT-17      50000        
       789         30                                                           
                                                                                
       101 Hema Priya                                                           

     EMPNO ENAME                                                                
---------- ----------------------------------------                             
JOB                                             MGR HIREDATE         SAL        
---------------------------------------- ---------- --------- ----------        
      COMM     DEPTNO                                                           
---------- ----------                                                           
software Employee                              1234 15-OCT-17      30000        
       123         10                                                           
                                                                                
      7839 KING                                                                 
PRESIDENT                                           17-NOV-81       5000        
                   10                                                           
                                                                                

     EMPNO ENAME                                                                
---------- ----------------------------------------                             
JOB                                             MGR HIREDATE         SAL        
---------------------------------------- ---------- --------- ----------        
      COMM     DEPTNO                                                           
---------- ----------                                                           
      7788 SCOTT                                                                
ANALYST                                        7566 09-DEC-82       3000        
                   20                                                           
                                                                                
      7902 FORD                                                                 
ANALYST                                        7566 03-DEC-81       3000        
                   20                                                           

     EMPNO ENAME                                                                
---------- ----------------------------------------                             
JOB                                             MGR HIREDATE         SAL        
---------------------------------------- ---------- --------- ----------        
      COMM     DEPTNO                                                           
---------- ----------                                                           
                                                                                

9 rows selected.

SQL> select distinct( * )from employee_hema e where 6>(select count(distinct sal) from employee_hema a where a.sal>e.sal) order by sal desc;
select distinct( * )from employee_hema e where 6>(select count(distinct sal) from employee_hema a where a.sal>e.sal) order by sal desc
                 *
ERROR at line 1:
ORA-00936: missing expression 


SQL> select distinct(*) from employee_hema e where 6>(select count(distinct sal) from employee_hema a where a.sal>e.sal) order by sal desc;
select distinct(*) from employee_hema e where 6>(select count(distinct sal) from employee_hema a where a.sal>e.sal) order by sal desc
                *
ERROR at line 1:
ORA-00936: missing expression 


SQL> select distinct(e.ename) from employee_hema e where 6>(select count(distinct sal) from employee_hema a where a.sal>e.sal) order by sal desc;
select distinct(e.ename) from employee_hema e where 6>(select count(distinct sal) from employee_hema a where a.sal>e.sal) order by sal desc
                                                                                                                                   *
ERROR at line 1:
ORA-01791: not a SELECTed expression 


SQL> select distinct e.ename,e.sal from employee_hema e where 6>(select count(distinct sal) from employee_hema a where a.sal>e.sal) order by sal desc;

ENAME                                           SAL                             
---------------------------------------- ----------                             
priya                                                                           
madhavi                                      200000                             
Kullu                                        100000                             
kalyani                                       50000                             
chaitanya                                     50000                             
Hema Priya                                    30000                             
KING                                           5000                             
SCOTT                                          3000                             
FORD                                           3000                             

9 rows selected.

SQL> select distinct e.ename,e.sal from employee_hema e where 5>=(select count(distinct sal) from employee_hema a where a.sal>e.sal) order by sal desc;

ENAME                                           SAL                             
---------------------------------------- ----------                             
priya                                                                           
madhavi                                      200000                             
Kullu                                        100000                             
kalyani                                       50000                             
chaitanya                                     50000                             
Hema Priya                                    30000                             
KING                                           5000                             
SCOTT                                          3000                             
FORD                                           3000                             

9 rows selected.

SQL> select count(empno) from employee_hema group by deptno having count>3;
select count(empno) from employee_hema group by deptno having count>3
                                                              *
ERROR at line 1:
ORA-00904: "COUNT": invalid identifier 


SQL> select count(deptno) from employee_hema group by deptno having count>3;
select count(deptno) from employee_hema group by deptno having count>3
                                                               *
ERROR at line 1:
ORA-00904: "COUNT": invalid identifier 


SQL> select count(deptno) from employee_hema group by deptno having count(deptno)>3;

COUNT(DEPTNO)                                                                   
-------------                                                                   
            7                                                                   
            5                                                                   
            4                                                                   

SQL> select d.dname,count(e.deptno) from dept d,EMPLOYEE_HEMA where e.deptno=d.deptno e group by e.deptno having count(e.deptno)>3
  2  
SQL> select d.dname,count(e.deptno) from dept d,EMPLOYEE_HEMA where e.deptno=d.deptno e group by e.deptno having count(e.deptno)>3;
select d.dname,count(e.deptno) from dept d,EMPLOYEE_HEMA where e.deptno=d.deptno e group by e.deptno having count(e.deptno)>3
                                                                                 *
ERROR at line 1:
ORA-00933: SQL command not properly ended 


SQL> select d.dname,count(e.deptno) from dept d,EMPLOYEE_HEMA e where e.deptno=d.deptno  group by e.deptno having count(e.deptno)>3;
select d.dname,count(e.deptno) from dept d,EMPLOYEE_HEMA e where e.deptno=d.deptno  group by e.deptno having count(e.deptno)>3
       *
ERROR at line 1:
ORA-00979: not a GROUP BY expression 


SQL> select d.dname,count(e.deptno) from dept d,EMPLOYEE_HEMA e where e.deptno=d.deptno  group by d.deptno having count(e.deptno)>3;
select d.dname,count(e.deptno) from dept d,EMPLOYEE_HEMA e where e.deptno=d.deptno  group by d.deptno having count(e.deptno)>3
       *
ERROR at line 1:
ORA-00979: not a GROUP BY expression 


SQL> select d.dname,count(e.deptno) from dept d,EMPLOYEE_HEMA e where e.deptno=d.deptno  group by d.deptno,d.dname having count(e.deptno)>3;

DNAME          COUNT(E.DEPTNO)                                                  
-------------- ---------------                                                  
ACCOUNTING                   4                                                  
RESEARCH                     5                                                  
SALES                        7                                                  

SQL> select * from employee_hema e where sal=(select count(sal) from employee_hema where count(sal)>3);
select * from employee_hema e where sal=(select count(sal) from employee_hema where count(sal)>3)
                                                                                    *
ERROR at line 1:
ORA-00934: group function is not allowed here 


SQL> select * from employee_hema e where sal=(select count(sal)>3 from employee_hema );
select * from employee_hema e where sal=(select count(sal)>3 from employee_hema )
                                                          *
ERROR at line 1:
ORA-00923: FROM keyword not found where expected 


SQL> select * from employee_hema e where length(sal)>=3;

     EMPNO ENAME                                                                
---------- ----------------------------------------                             
JOB                                             MGR HIREDATE         SAL        
---------------------------------------- ---------- --------- ----------        
      COMM     DEPTNO                                                           
---------- ----------                                                           
       101 Hema Priya                                                           
software Employee                              1234 15-OCT-17      30000        
       123         10                                                           
                                                                                
       102 kalyani                                                              
Developer                                       456 15-OCT-17      50000        
       456         20                                                           

     EMPNO ENAME                                                                
---------- ----------------------------------------                             
JOB                                             MGR HIREDATE         SAL        
---------------------------------------- ---------- --------- ----------        
      COMM     DEPTNO                                                           
---------- ----------                                                           
                                                                                
       103 chaitanya                                                            
testing                                         789 15-OCT-17      50000        
       789         30                                                           
                                                                                
       104 madhavi                                                              
db                                             1011 15-OCT-17     200000        

     EMPNO ENAME                                                                
---------- ----------------------------------------                             
JOB                                             MGR HIREDATE         SAL        
---------------------------------------- ---------- --------- ----------        
      COMM     DEPTNO                                                           
---------- ----------                                                           
      1011         40                                                           
                                                                                
       105 Kullu                                                                
Manager                                        1213 15-OCT-17     100000        
      1213         50                                                           
                                                                                
      7499 alias                                                                

     EMPNO ENAME                                                                
---------- ----------------------------------------                             
JOB                                             MGR HIREDATE         SAL        
---------------------------------------- ---------- --------- ----------        
      COMM     DEPTNO                                                           
---------- ----------                                                           
SALESMAN                                       7698 20-FEB-81       1600        
       300         30                                                           
                                                                                
      7521 WARD                                                                 
SALESMAN                                       7698 22-FEB-81       1250        
       500         30                                                           
                                                                                

     EMPNO ENAME                                                                
---------- ----------------------------------------                             
JOB                                             MGR HIREDATE         SAL        
---------------------------------------- ---------- --------- ----------        
      COMM     DEPTNO                                                           
---------- ----------                                                           
      7566 JONES                                                                
MANAGER                                        7839 02-APR-81       2975        
                   20                                                           
                                                                                
      7654 MARTIN                                                               
SALESMAN                                       7698 28-SEP-81       1250        
      1400         30                                                           

     EMPNO ENAME                                                                
---------- ----------------------------------------                             
JOB                                             MGR HIREDATE         SAL        
---------------------------------------- ---------- --------- ----------        
      COMM     DEPTNO                                                           
---------- ----------                                                           
                                                                                
      7698 BLAKE                                                                
MANAGER                                        7839 01-MAY-81       2850        
                   30                                                           
                                                                                
      7782 CLARK                                                                
MANAGER                                        7839 09-JUN-81       2450        

     EMPNO ENAME                                                                
---------- ----------------------------------------                             
JOB                                             MGR HIREDATE         SAL        
---------------------------------------- ---------- --------- ----------        
      COMM     DEPTNO                                                           
---------- ----------                                                           
                   10                                                           
                                                                                
      7788 SCOTT                                                                
ANALYST                                        7566 09-DEC-82       3000        
                   20                                                           
                                                                                
      7839 KING                                                                 

     EMPNO ENAME                                                                
---------- ----------------------------------------                             
JOB                                             MGR HIREDATE         SAL        
---------------------------------------- ---------- --------- ----------        
      COMM     DEPTNO                                                           
---------- ----------                                                           
PRESIDENT                                           17-NOV-81       5000        
                   10                                                           
                                                                                
      7844 TURNER                                                               
SALESMAN                                       7698 08-SEP-81       1500        
         0         30                                                           
                                                                                

     EMPNO ENAME                                                                
---------- ----------------------------------------                             
JOB                                             MGR HIREDATE         SAL        
---------------------------------------- ---------- --------- ----------        
      COMM     DEPTNO                                                           
---------- ----------                                                           
      7876 ADAMS                                                                
CLERK                                          7788 12-JAN-83       1100        
                   20                                                           
                                                                                
      7900 JAMES                                                                
CLERK                                          7698 03-DEC-81        950        
                   30                                                           

     EMPNO ENAME                                                                
---------- ----------------------------------------                             
JOB                                             MGR HIREDATE         SAL        
---------------------------------------- ---------- --------- ----------        
      COMM     DEPTNO                                                           
---------- ----------                                                           
                                                                                
      7902 FORD                                                                 
ANALYST                                        7566 03-DEC-81       3000        
                   20                                                           
                                                                                
      7934 MILLER                                                               
CLERK                                          7782 23-JAN-82       1300        

     EMPNO ENAME                                                                
---------- ----------------------------------------                             
JOB                                             MGR HIREDATE         SAL        
---------------------------------------- ---------- --------- ----------        
      COMM     DEPTNO                                                           
---------- ----------                                                           
                   10                                                           
                                                                                
        12 kk                                                                   
kkto                                             83 15-DEC-17        400        
        20          2                                                           
                                                                                

19 rows selected.

SQL> select * from employee_hema where to_char(hiredate,'mon')='dec';

     EMPNO ENAME                                                                
---------- ----------------------------------------                             
JOB                                             MGR HIREDATE         SAL        
---------------------------------------- ---------- --------- ----------        
      COMM     DEPTNO                                                           
---------- ----------                                                           
      7788 SCOTT                                                                
ANALYST                                        7566 09-DEC-82       3000        
                   20                                                           
                                                                                
      7900 JAMES                                                                
CLERK                                          7698 03-DEC-81        950        
                   30                                                           

     EMPNO ENAME                                                                
---------- ----------------------------------------                             
JOB                                             MGR HIREDATE         SAL        
---------------------------------------- ---------- --------- ----------        
      COMM     DEPTNO                                                           
---------- ----------                                                           
                                                                                
      7902 FORD                                                                 
ANALYST                                        7566 03-DEC-81       3000        
                   20                                                           
                                                                                
        12 kk                                                                   
kkto                                             83 15-DEC-17        400        

     EMPNO ENAME                                                                
---------- ----------------------------------------                             
JOB                                             MGR HIREDATE         SAL        
---------------------------------------- ---------- --------- ----------        
      COMM     DEPTNO                                                           
---------- ----------                                                           
        20          2                                                           
                                                                                

SQL> select * from employee_hema e, dept d where e.deptno=d.deptno and d.dname='SALES' OR D.DNAME='RESEARCH';

     EMPNO ENAME                                                                
---------- ----------------------------------------                             
JOB                                             MGR HIREDATE         SAL        
---------------------------------------- ---------- --------- ----------        
      COMM     DEPTNO     DEPTNO DNAME          LOC                             
---------- ---------- ---------- -------------- -------------                   
       101 Hema Priya                                                           
software Employee                              1234 15-OCT-17      30000        
       123         10         20 RESEARCH       DALLAS                          
                                                                                
       102 kalyani                                                              
Developer                                       456 15-OCT-17      50000        
       456         20         20 RESEARCH       DALLAS                          

     EMPNO ENAME                                                                
---------- ----------------------------------------                             
JOB                                             MGR HIREDATE         SAL        
---------------------------------------- ---------- --------- ----------        
      COMM     DEPTNO     DEPTNO DNAME          LOC                             
---------- ---------- ---------- -------------- -------------                   
                                                                                
       103 chaitanya                                                            
testing                                         789 15-OCT-17      50000        
       789         30         20 RESEARCH       DALLAS                          
                                                                                
       104 madhavi                                                              
db                                             1011 15-OCT-17     200000        

     EMPNO ENAME                                                                
---------- ----------------------------------------                             
JOB                                             MGR HIREDATE         SAL        
---------------------------------------- ---------- --------- ----------        
      COMM     DEPTNO     DEPTNO DNAME          LOC                             
---------- ---------- ---------- -------------- -------------                   
      1011         40         20 RESEARCH       DALLAS                          
                                                                                
       105 Kullu                                                                
Manager                                        1213 15-OCT-17     100000        
      1213         50         20 RESEARCH       DALLAS                          
                                                                                
      7499 alias                                                                

     EMPNO ENAME                                                                
---------- ----------------------------------------                             
JOB                                             MGR HIREDATE         SAL        
---------------------------------------- ---------- --------- ----------        
      COMM     DEPTNO     DEPTNO DNAME          LOC                             
---------- ---------- ---------- -------------- -------------                   
SALESMAN                                       7698 20-FEB-81       1600        
       300         30         20 RESEARCH       DALLAS                          
                                                                                
      7521 WARD                                                                 
SALESMAN                                       7698 22-FEB-81       1250        
       500         30         20 RESEARCH       DALLAS                          
                                                                                

     EMPNO ENAME                                                                
---------- ----------------------------------------                             
JOB                                             MGR HIREDATE         SAL        
---------------------------------------- ---------- --------- ----------        
      COMM     DEPTNO     DEPTNO DNAME          LOC                             
---------- ---------- ---------- -------------- -------------                   
      7566 JONES                                                                
MANAGER                                        7839 02-APR-81       2975        
                   20         20 RESEARCH       DALLAS                          
                                                                                
      7654 MARTIN                                                               
SALESMAN                                       7698 28-SEP-81       1250        
      1400         30         20 RESEARCH       DALLAS                          

     EMPNO ENAME                                                                
---------- ----------------------------------------                             
JOB                                             MGR HIREDATE         SAL        
---------------------------------------- ---------- --------- ----------        
      COMM     DEPTNO     DEPTNO DNAME          LOC                             
---------- ---------- ---------- -------------- -------------                   
                                                                                
      7698 BLAKE                                                                
MANAGER                                        7839 01-MAY-81       2850        
                   30         20 RESEARCH       DALLAS                          
                                                                                
      7782 CLARK                                                                
MANAGER                                        7839 09-JUN-81       2450        

     EMPNO ENAME                                                                
---------- ----------------------------------------                             
JOB                                             MGR HIREDATE         SAL        
---------------------------------------- ---------- --------- ----------        
      COMM     DEPTNO     DEPTNO DNAME          LOC                             
---------- ---------- ---------- -------------- -------------                   
                   10         20 RESEARCH       DALLAS                          
                                                                                
      7788 SCOTT                                                                
ANALYST                                        7566 09-DEC-82       3000        
                   20         20 RESEARCH       DALLAS                          
                                                                                
      7839 KING                                                                 

     EMPNO ENAME                                                                
---------- ----------------------------------------                             
JOB                                             MGR HIREDATE         SAL        
---------------------------------------- ---------- --------- ----------        
      COMM     DEPTNO     DEPTNO DNAME          LOC                             
---------- ---------- ---------- -------------- -------------                   
PRESIDENT                                           17-NOV-81       5000        
                   10         20 RESEARCH       DALLAS                          
                                                                                
      7844 TURNER                                                               
SALESMAN                                       7698 08-SEP-81       1500        
         0         30         20 RESEARCH       DALLAS                          
                                                                                

     EMPNO ENAME                                                                
---------- ----------------------------------------                             
JOB                                             MGR HIREDATE         SAL        
---------------------------------------- ---------- --------- ----------        
      COMM     DEPTNO     DEPTNO DNAME          LOC                             
---------- ---------- ---------- -------------- -------------                   
      7876 ADAMS                                                                
CLERK                                          7788 12-JAN-83       1100        
                   20         20 RESEARCH       DALLAS                          
                                                                                
      7900 JAMES                                                                
CLERK                                          7698 03-DEC-81        950        
                   30         20 RESEARCH       DALLAS                          

     EMPNO ENAME                                                                
---------- ----------------------------------------                             
JOB                                             MGR HIREDATE         SAL        
---------------------------------------- ---------- --------- ----------        
      COMM     DEPTNO     DEPTNO DNAME          LOC                             
---------- ---------- ---------- -------------- -------------                   
                                                                                
      7902 FORD                                                                 
ANALYST                                        7566 03-DEC-81       3000        
                   20         20 RESEARCH       DALLAS                          
                                                                                
      7934 MILLER                                                               
CLERK                                          7782 23-JAN-82       1300        

     EMPNO ENAME                                                                
---------- ----------------------------------------                             
JOB                                             MGR HIREDATE         SAL        
---------------------------------------- ---------- --------- ----------        
      COMM     DEPTNO     DEPTNO DNAME          LOC                             
---------- ---------- ---------- -------------- -------------                   
                   10         20 RESEARCH       DALLAS                          
                                                                                
      1200 priya                                                                
                                                                                
                   12         20 RESEARCH       DALLAS                          
                                                                                
        12 kk                                                                   

     EMPNO ENAME                                                                
---------- ----------------------------------------                             
JOB                                             MGR HIREDATE         SAL        
---------------------------------------- ---------- --------- ----------        
      COMM     DEPTNO     DEPTNO DNAME          LOC                             
---------- ---------- ---------- -------------- -------------                   
kkto                                             83 15-DEC-17        400        
        20          2         20 RESEARCH       DALLAS                          
                                                                                
       103 chaitanya                                                            
testing                                         789 15-OCT-17      50000        
       789         30         30 SALES          CHICAGO                         
                                                                                

     EMPNO ENAME                                                                
---------- ----------------------------------------                             
JOB                                             MGR HIREDATE         SAL        
---------------------------------------- ---------- --------- ----------        
      COMM     DEPTNO     DEPTNO DNAME          LOC                             
---------- ---------- ---------- -------------- -------------                   
      7499 alias                                                                
SALESMAN                                       7698 20-FEB-81       1600        
       300         30         30 SALES          CHICAGO                         
                                                                                
      7521 WARD                                                                 
SALESMAN                                       7698 22-FEB-81       1250        
       500         30         30 SALES          CHICAGO                         

     EMPNO ENAME                                                                
---------- ----------------------------------------                             
JOB                                             MGR HIREDATE         SAL        
---------------------------------------- ---------- --------- ----------        
      COMM     DEPTNO     DEPTNO DNAME          LOC                             
---------- ---------- ---------- -------------- -------------                   
                                                                                
      7654 MARTIN                                                               
SALESMAN                                       7698 28-SEP-81       1250        
      1400         30         30 SALES          CHICAGO                         
                                                                                
      7698 BLAKE                                                                
MANAGER                                        7839 01-MAY-81       2850        

     EMPNO ENAME                                                                
---------- ----------------------------------------                             
JOB                                             MGR HIREDATE         SAL        
---------------------------------------- ---------- --------- ----------        
      COMM     DEPTNO     DEPTNO DNAME          LOC                             
---------- ---------- ---------- -------------- -------------                   
                   30         30 SALES          CHICAGO                         
                                                                                
      7844 TURNER                                                               
SALESMAN                                       7698 08-SEP-81       1500        
         0         30         30 SALES          CHICAGO                         
                                                                                
      7900 JAMES                                                                

     EMPNO ENAME                                                                
---------- ----------------------------------------                             
JOB                                             MGR HIREDATE         SAL        
---------------------------------------- ---------- --------- ----------        
      COMM     DEPTNO     DEPTNO DNAME          LOC                             
---------- ---------- ---------- -------------- -------------                   
CLERK                                          7698 03-DEC-81        950        
                   30         30 SALES          CHICAGO                         
                                                                                

27 rows selected.

SQL> select * from employee_hema where to_char(hiredate,'mon dd yyyy');
select * from employee_hema where to_char(hiredate,'mon dd yyyy')
                                                                *
ERROR at line 1:
ORA-00920: invalid relational operator 


SQL> select * from employee_hema where to_char(hiredate,'mon dd yyyy') from employee_hema;
select * from employee_hema where to_char(hiredate,'mon dd yyyy') from employee_hema
                                                                  *
ERROR at line 1:
ORA-00920: invalid relational operator 


SQL> select * from employee_hema where to_char(hiredate,'month dd yyyy') from employee_hema;
select * from employee_hema where to_char(hiredate,'month dd yyyy') from employee_hema
                                                                    *
ERROR at line 1:
ORA-00920: invalid relational operator 


SQL> select ename, Display those employees who joined in the company in the month of Dec?  from employee_hema where to_char(hiredate,'month dd yyyy') from employee_hema;
select ename, Display those employees who joined in the company in the month of Dec?  from employee_hema where to_char(hiredate,'month dd yyyy') from employee_hema
                            *
ERROR at line 1:
ORA-00923: FROM keyword not found where expected 


SQL> select ename,to_char(hiredate,'month dd yyyy') from employee_hema;

ENAME                                    TO_CHAR(HIREDATE,                      
---------------------------------------- -----------------                      
Hema Priya                               october   15 2017                      
kalyani                                  october   15 2017                      
chaitanya                                october   15 2017                      
madhavi                                  october   15 2017                      
Kullu                                    october   15 2017                      
alias                                    february  20 1981                      
WARD                                     february  22 1981                      
JONES                                    april     02 1981                      
MARTIN                                   september 28 1981                      
BLAKE                                    may       01 1981                      
CLARK                                    june      09 1981                      

ENAME                                    TO_CHAR(HIREDATE,                      
---------------------------------------- -----------------                      
SCOTT                                    december  09 1982                      
KING                                     november  17 1981                      
TURNER                                   september 08 1981                      
ADAMS                                    january   12 1983                      
JAMES                                    december  03 1981                      
FORD                                     december  03 1981                      
MILLER                                   january   23 1982                      
priya                                                                           
kk                                       december  15 2017                      

20 rows selected.

SQL> select * decode(sal,sal>1500,'just salary',
  2  
SQL> select * decode(sal,sal>1500,'just salary', sal=1500,'on target',sal<1500,'below 1500') "revised salary" from employee_hema;
select * decode(sal,sal>1500,'just salary', sal=1500,'on target',sal<1500,'below 1500') "revised salary" from employee_hema
         *
ERROR at line 1:
ORA-00923: FROM keyword not found where expected 


SQL> select ename,job,sal, decode(sal,sal>1500,'just salary', sal=1500,'on target',sal<1500,'below 1500') "revised salary" from employee_hema;
select ename,job,sal, decode(sal,sal>1500,'just salary', sal=1500,'on target',sal<1500,'below 1500') "revised salary" from employee_hema
                                    *
ERROR at line 1:
ORA-00907: missing right parenthesis 


SQL> select ename,job,sal, decode(sal,(sal>1500),'just salary', (sal=1500),'on target',(sal<1500),'below 1500') "revised salary" from employee_hema;
select ename,job,sal, decode(sal,(sal>1500),'just salary', (sal=1500),'on target',(sal<1500),'below 1500') "revised salary" from employee_hema
                                     *
ERROR at line 1:
ORA-00907: missing right parenthesis 


SQL> select ename,job,sal, decode(sal,'sal>1500','just salary', 'sal=1500','on target','sal<1500','below 1500') "revised salary" from employee_hema;

ENAME                                                                           
----------------------------------------                                        
JOB                                             SAL revised sal                 
---------------------------------------- ---------- -----------                 
Hema Priya                                                                      
software Employee                             30000                             
                                                                                
kalyani                                                                         
Developer                                     50000                             
                                                                                
chaitanya                                                                       
testing                                       50000                             
                                                                                

ENAME                                                                           
----------------------------------------                                        
JOB                                             SAL revised sal                 
---------------------------------------- ---------- -----------                 
madhavi                                                                         
db                                           200000                             
                                                                                
Kullu                                                                           
Manager                                      100000                             
                                                                                
alias                                                                           
SALESMAN                                       1600                             
                                                                                

ENAME                                                                           
----------------------------------------                                        
JOB                                             SAL revised sal                 
---------------------------------------- ---------- -----------                 
WARD                                                                            
SALESMAN                                       1250                             
                                                                                
JONES                                                                           
MANAGER                                        2975                             
                                                                                
MARTIN                                                                          
SALESMAN                                       1250                             
                                                                                

ENAME                                                                           
----------------------------------------                                        
JOB                                             SAL revised sal                 
---------------------------------------- ---------- -----------                 
BLAKE                                                                           
MANAGER                                        2850                             
                                                                                
CLARK                                                                           
MANAGER                                        2450                             
                                                                                
SCOTT                                                                           
ANALYST                                        3000                             
                                                                                

ENAME                                                                           
----------------------------------------                                        
JOB                                             SAL revised sal                 
---------------------------------------- ---------- -----------                 
KING                                                                            
PRESIDENT                                      5000                             
                                                                                
TURNER                                                                          
SALESMAN                                       1500                             
                                                                                
ADAMS                                                                           
CLERK                                          1100                             
                                                                                

ENAME                                                                           
----------------------------------------                                        
JOB                                             SAL revised sal                 
---------------------------------------- ---------- -----------                 
JAMES                                                                           
CLERK                                           950                             
                                                                                
FORD                                                                            
ANALYST                                        3000                             
                                                                                
MILLER                                                                          
CLERK                                          1300                             
                                                                                

ENAME                                                                           
----------------------------------------                                        
JOB                                             SAL revised sal                 
---------------------------------------- ---------- -----------                 
priya                                                                           
                                                                                
                                                                                
kk                                                                              
kkto                                            400                             
                                                                                

20 rows selected.

SQL> select count(*) from employee_hema where job='MANAGER';

  COUNT(*)                                                                      
----------                                                                      
         3                                                                      

SQL> select job,avg(sal),avg(sal+nvl(comm,0) from employee_hema group by job;
select job,avg(sal),avg(sal+nvl(comm,0) from employee_hema group by job
                                        *
ERROR at line 1:
ORA-00907: missing right parenthesis 


SQL> select job,avg(sal),avg(sal+nvl(comm,0)) from employee_hema group by job;

JOB                                        AVG(SAL) AVG(SAL+NVL(COMM,0))        
---------------------------------------- ---------- --------------------        
db                                           200000               201011        
Manager                                      100000               101213        
                                                                                
software Employee                             30000                30123        
SALESMAN                                       1400                 1950        
CLERK                                    1116.66667           1116.66667        
kkto                                            400                  420        
testing                                       50000                50789        
PRESIDENT                                      5000                 5000        
Developer                                     50000                50456        
MANAGER                                  2758.33333           2758.33333        

JOB                                        AVG(SAL) AVG(SAL+NVL(COMM,0))        
---------------------------------------- ---------- --------------------        
ANALYST                                        3000                 3000        

12 rows selected.

SQL> select empno from employee_hema minus selecet distinct empno from employee_hema;
select empno from employee_hema minus selecet distinct empno from employee_hema
                                      *
ERROR at line 1:
ORA-00928: missing SELECT keyword 


SQL> select empno from employee_hema minus select distinct empno from employee_hema;

no rows selected

SQL> select e.empno,min(e1.sal) from employee_hema e,employee_hema e1 where e.mgr=e1.empno group by e.empno having(e.sal)>1000;
select e.empno,min(e1.sal) from employee_hema e,employee_hema e1 where e.mgr=e1.empno group by e.empno having(e.sal)>1000
                                                                                                              *
ERROR at line 1:
ORA-00979: not a GROUP BY expression 


SQL> select e.empno,min(e1.sal) from employee_hema e,employee_hema e1 where e.mgr=e1.empno group by e.empno having(e.sal)>1000;
select e.empno,min(e1.sal) from employee_hema e,employee_hema e1 where e.mgr=e1.empno group by e.empno having(e.sal)>1000
                                                                                                              *
ERROR at line 1:
ORA-00979: not a GROUP BY expression 


SQL> select e.empno,min(e1.sal) from employee_hema e,employee_hema e1 where e.mgr=e1.empno group by e1.empno having(e1.sal)>1000;
select e.empno,min(e1.sal) from employee_hema e,employee_hema e1 where e.mgr=e1.empno group by e1.empno having(e1.sal)>1000
                                                                                                               *
ERROR at line 1:
ORA-00979: not a GROUP BY expression 


SQL> select e1.empno,min(e1.sal) from employee_hema e,employee_hema e1 where e.mgr=e1.empno group by e1.empno having(e1.sal)>1000;
select e1.empno,min(e1.sal) from employee_hema e,employee_hema e1 where e.mgr=e1.empno group by e1.empno having(e1.sal)>1000
                                                                                                                *
ERROR at line 1:
ORA-00979: not a GROUP BY expression 


SQL> select e1.empno,min(e1.sal) from employee_hema e,employee_hema e1 where e.mgr=e1.empno group by e1.empno having(e1.sal)>1000;
select e1.empno,min(e1.sal) from employee_hema e,employee_hema e1 where e.mgr=e1.empno group by e1.empno having(e1.sal)>1000
                                                                                                                *
ERROR at line 1:
ORA-00979: not a GROUP BY expression 


SQL> SELECTe1.empno,min(e.sal)FROM employee_hemae,employee_hemae1 WHEREe.mgr=e1.empnoGROUP BYe1.empnoHAVING MIN(e.sal)>1000 ;
  2  
SQL> SELECTe1.empno,min(e.sal)FROM employee_hemae,employee_hemae1 WHEREe.mgr=e1.empnoGROUP BYe1.empnoHAVING MIN(e.sal)>1000 ;
  2  
SQL> SELECTe1.empno,min(e.sal)FROM employee_hemae,employee_hemae1 WHEREe.mgr=e1.empnoGROUP BYe1.empnoHAVING MIN(e.sal)>1000;
  2  
SQL> SELECTe1.empno,min(e.sal)FROM employee_hemae,employee_hemae1 WHEREe.mgr=e1.empnoGROUP BYe1.empnoHAVING MIN(e.sal)>1000;
  2  
SQL> SELECTe1.empno,min(e.sal)FROM employee_hemae,employee_hemae1 WHEREe.mgr=e1.empnoGROUP BYe1.empnoHAVING MIN(e.sal)>1000 ;
  2  
SQL> SELECTe1.empno,min(e.sal)FROM employee_hemae,employee_hemae1 WHEREe.mgr=e1.empnoGROUP BYe1.empnoHAVING MIN(e.sal) >1000 ;
  2  
SQL> select e.empno,e.ename,e1.ename,e1.empno from employee_hema e,employee_hema e1 where e.mgr=e1.empno union select empno,ename,'no manager',0 from employee_hema where emgr=null;
select e.empno,e.ename,e1.ename,e1.empno from employee_hema e,employee_hema e1 where e.mgr=e1.empno union select empno,ename,'no manager',0 from employee_hema where emgr=null
                                                                                                                                                                     *
ERROR at line 1:
ORA-00904: "EMGR": invalid identifier 


SQL> select e.empno,e.ename,e1.ename,e1.empno from employee_hema e,employee_hema e1 where e.mgr=e1.empno union select empno,ename,'no manager',0 from employee_hema where mgr=null;

     EMPNO ENAME                                                                
---------- ----------------------------------------                             
ENAME                                         EMPNO                             
---------------------------------------- ----------                             
      7499 alias                                                                
BLAKE                                          7698                             
                                                                                
      7521 WARD                                                                 
BLAKE                                          7698                             
                                                                                
      7566 JONES                                                                
KING                                           7839                             
                                                                                

     EMPNO ENAME                                                                
---------- ----------------------------------------                             
ENAME                                         EMPNO                             
---------------------------------------- ----------                             
      7654 MARTIN                                                               
BLAKE                                          7698                             
                                                                                
      7698 BLAKE                                                                
KING                                           7839                             
                                                                                
      7782 CLARK                                                                
KING                                           7839                             
                                                                                

     EMPNO ENAME                                                                
---------- ----------------------------------------                             
ENAME                                         EMPNO                             
---------------------------------------- ----------                             
      7788 SCOTT                                                                
JONES                                          7566                             
                                                                                
      7844 TURNER                                                               
BLAKE                                          7698                             
                                                                                
      7876 ADAMS                                                                
SCOTT                                          7788                             
                                                                                

     EMPNO ENAME                                                                
---------- ----------------------------------------                             
ENAME                                         EMPNO                             
---------------------------------------- ----------                             
      7900 JAMES                                                                
BLAKE                                          7698                             
                                                                                
      7902 FORD                                                                 
JONES                                          7566                             
                                                                                
      7934 MILLER                                                               
CLARK                                          7782                             
                                                                                

12 rows selected.

SQL> selecet a.dname from employee_hema a,dept b where a.deptno=b.deptno and a.deptno is null;
SP2-0734: unknown command beginning "selecet a...." - rest of line ignored.
SQL> select a.dname from employee_hema a,dept b where a.deptno=b.deptno and a.deptno is null;
select a.dname from employee_hema a,dept b where a.deptno=b.deptno and a.deptno is null
       *
ERROR at line 1:
ORA-00904: "A"."DNAME": invalid identifier 


SQL> select b.dname from employee_hema a,dept b where a.deptno=b.deptno and a.deptno is null;

no rows selected

SQL> select deptno from employee_hema group by deptno having count(deptno)=30;

no rows selected

SQL> select * from employee_hema group by deptno having count(deptno)=30;
select * from employee_hema group by deptno having count(deptno)=30
       *
ERROR at line 1:
ORA-00979: not a GROUP BY expression 


SQL> select deptno from employee_hema group by deptno having count(deptno)=30;

no rows selected

SQL> select ename from employee_hema where sal>(select min(sal) from employee_hema where deptno=30);

ENAME                                                                           
----------------------------------------                                        
Hema Priya                                                                      
kalyani                                                                         
chaitanya                                                                       
madhavi                                                                         
Kullu                                                                           
alias                                                                           
WARD                                                                            
JONES                                                                           
MARTIN                                                                          
BLAKE                                                                           
CLARK                                                                           

ENAME                                                                           
----------------------------------------                                        
SCOTT                                                                           
KING                                                                            
TURNER                                                                          
ADAMS                                                                           
FORD                                                                            
MILLER                                                                          

17 rows selected.

SQL> select deptno from employee_hema group by deptno having count(deptno)=3;

no rows selected

SQL> select upper( count(ename)/2) || lower(count(ename)/2) from employee_hema;

UPPER(COUNT(ENAME)/2)||LOWER(COUNT(ENAME)/2)                                    
--------------------------------------------------------------------------------
1010                                                                            

SQL> select upper(length(ename)/2) || lower(length(ename)/2) from employee_hema;

UPPER(LENGTH(ENAME)/2)||LOWER(LENGTH(ENAME)/2)                                  
--------------------------------------------------------------------------------
2.52.5                                                                          
2.52.5                                                                          
2.52.5                                                                          
22                                                                              
55                                                                              
2.52.5                                                                          
2.52.5                                                                          
22                                                                              
2.52.5                                                                          
33                                                                              
33                                                                              

UPPER(LENGTH(ENAME)/2)||LOWER(LENGTH(ENAME)/2)                                  
--------------------------------------------------------------------------------
2.52.5                                                                          
33                                                                              
22                                                                              
2.52.5                                                                          
4.54.5                                                                          
3.53.5                                                                          
11                                                                              
3.53.5                                                                          
2.52.5                                                                          

20 rows selected.

SQL> select upper(ename(length(ename)/2)) || lower(ename(length(ename)/2)) from employee_hema;
select upper(ename(length(ename)/2)) || lower(ename(length(ename)/2)) from employee_hema
                                              *
ERROR at line 1:
ORA-00904: "ENAME": invalid identifier 


SQL> SELECT
  2  SUBSTR(LOWER(ENAME),1,3)||SUBSTR(UPPER(ENAME),3,LENGTH(ENAME))
  3  FROM EMP;

SUBSTR(LOWE                                                                     
-----------                                                                     
aliIAS                                                                          
warRD                                                                           
jonNES                                                                          
marRTIN                                                                         
blaAKE                                                                          
claARK                                                                          
scoOTT                                                                          
kinNG                                                                           
turRNER                                                                         
adaAMS                                                                          
jamMES                                                                          

SUBSTR(LOWE                                                                     
-----------                                                                     
forRD                                                                           
milLLER                                                                         
priIYA                                                                          
kk                                                                              

15 rows selected.

SQL> Select ename,lower(substr(ename,1,round(length(ename)/2)))||upper(substr(ename,round(length(ename)/2)+1,length(ename))) a from emp ;

ENAME      A                                                                    
---------- --------------------                                                 
alias      aliAS                                                                
WARD       waRD                                                                 
JONES      jonES                                                                
MARTIN     marTIN                                                               
BLAKE      blaKE                                                                
CLARK      claRK                                                                
SCOTT      scoTT                                                                
KING       kiNG                                                                 
TURNER     turNER                                                               
ADAMS      adaMS                                                                
JAMES      jamES                                                                

ENAME      A                                                                    
---------- --------------------                                                 
FORD       foRD                                                                 
MILLER     milLER                                                               
priya      priYA                                                                
kk         kK                                                                   

15 rows selected.

SQL> spool off;
SQL> select deptno,MAX(sal) from employee_hema group by deptno;

    DEPTNO   MAX(SAL)                                                           
---------- ----------                                                           
        30      50000                                                           
        20      50000                                                           
         2        400                                                           
        40     200000                                                           
        50     100000                                                           
        10      30000                                                           
        12                                                                      

7 rows selected.

SQL> SPOOL OFF;
SQL> SELECT NEXT_DAY(SYSDATE,'SATURDAY') FROM DUAL;

NEXT_DAY(                                                                       
---------                                                                       
02-JUN-18                                                                       

SQL> SPOOL OFF;
