SQL> create table driver (driver_license_id number(10),name varchar2(50),address varchar2(50),age number(10));

Table created.

SQL> alter table driver add constraint driver_pk primary key(driver_license_id);

Table altered.

SQL> insert into table driver values(1001,'Peter','Newyork',30);
insert into table driver values(1001,'Peter','Newyork',30)
            *
ERROR at line 1:
ORA-00903: invalid table name 


SQL> insert into  driver values(1001,'Peter','Newyork',30);

1 row created.

SQL> insert into  driver values(1002	'John'	'Boston'	26);
insert into  driver values(1002	'John'	'Boston'	26)
                               	*
ERROR at line 1:
ORA-00917: missing comma 


SQL> insert into  driver values(1002,	'John',	'Boston',	26);

1 row created.

SQL> insert into  driver values(1003,'Clark','Omaha',29);

1 row created.

SQL> insert into  driver values(1004,'Steve','Denver',25);

1 row created.

SQL> insert into  driver values(1005,'Johnson','Boston',36);

1 row created.

SQL> insert into  driver values(1006,'Williams','Omaha',39);

1 row created.

SQL> insert into  driver values(1007,'Davis','California',19);

1 row created.

SQL> insert into  driver values(1008,'James','Dallas',21);

1 row created.

SQL> insert into  driver values(1009,'Robert','Newyork',29);

1 row created.

SQL> insert into  driver values(1010,'Martin','California',32);

1 row created.

SQL> selecet * from driver;
SP2-0734: unknown command beginning "selecet * ..." - rest of line ignored.
SQL> select * from driver;

DRIVER_LICENSE_ID NAME                                                          
----------------- --------------------------------------------------            
ADDRESS                                                   AGE                   
-------------------------------------------------- ----------                   
             1001 Peter                                                         
Newyork                                                    30                   
                                                                                
             1002 John                                                          
Boston                                                     26                   
                                                                                
             1003 Clark                                                         
Omaha                                                      29                   
                                                                                

DRIVER_LICENSE_ID NAME                                                          
----------------- --------------------------------------------------            
ADDRESS                                                   AGE                   
-------------------------------------------------- ----------                   
             1004 Steve                                                         
Denver                                                     25                   
                                                                                
             1005 Johnson                                                       
Boston                                                     36                   
                                                                                
             1006 Williams                                                      
Omaha                                                      39                   
                                                                                

DRIVER_LICENSE_ID NAME                                                          
----------------- --------------------------------------------------            
ADDRESS                                                   AGE                   
-------------------------------------------------- ----------                   
             1007 Davis                                                         
California                                                 19                   
                                                                                
             1008 James                                                         
Dallas                                                     21                   
                                                                                
             1009 Robert                                                        
Newyork                                                    29                   
                                                                                

DRIVER_LICENSE_ID NAME                                                          
----------------- --------------------------------------------------            
ADDRESS                                                   AGE                   
-------------------------------------------------- ----------                   
             1010 Martin                                                        
California                                                 32                   
                                                                                

10 rows selected.

SQL> create table car(reg_num number(10),year number(10),car_model varchar2(50));

Table created.

SQL> alter table car add constraint car_pk primary key(reg_num);

Table altered.

SQL> insert into car values(201,1998,'Maruti800');

1 row created.

SQL> insert into car values(202,2005,'Tata Indica');

1 row created.

SQL> insert into car values(203,2010,'Maruti Swift');

1 row created.

SQL> insert into car values(204,2011,'Mercedes Benz');

1 row created.

SQL> insert into car values(205,2003'Alto');
insert into car values(205,2003'Alto')
                               *
ERROR at line 1:
ORA-00917: missing comma 


SQL> insert into car values(205,2003,'Alto');

1 row created.

SQL> insert into car values(206,2006,'Toyota Innova');

1 row created.

SQL> insert into car values(207,2010,'Tata Nano');

1 row created.

SQL> insert into car values(208,2006,'Hyundai i10');

1 row created.

SQL> insert into car values(209,2009,'Hyundai i20');

1 row created.

SQL> selecet * from car;
SP2-0734: unknown command beginning "selecet * ..." - rest of line ignored.
SQL> select * from car;

   REG_NUM       YEAR CAR_MODEL                                                 
---------- ---------- --------------------------------------------------        
       201       1998 Maruti800                                                 
       202       2005 Tata Indica                                               
       203       2010 Maruti Swift                                              
       204       2011 Mercedes Benz                                             
       205       2003 Alto                                                      
       206       2006 Toyota Innova                                             
       207       2010 Tata Nano                                                 
       208       2006 Hyundai i10                                               
       209       2009 Hyundai i20                                               

9 rows selected.

SQL> create table report_num(report_num number(10), day_date date,location varchar2(50));

Table created.

SQL> drop report_num;
drop report_num
     *
ERROR at line 1:
ORA-00950: invalid DROP option 


SQL> drop table report_num;

Table dropped.

SQL> create table accident(report_num number(10) primary key, day_date date,location varchar2(50));

Table created.

SQL> insert into accident values(3001	,'03/18/10',	'Boston');
insert into accident values(3001	,'03/18/10',	'Boston')
                                	 *
ERROR at line 1:
ORA-01843: not a valid month 


SQL> spool off;
SQL> insert into accident values(3001, to_date('mm/dd/yyyy','03/18/10'),'Boston');
insert into accident values(3001, to_date('mm/dd/yyyy','03/18/10'),'Boston')
                                                       *
ERROR at line 1:
ORA-01821: date format not recognized 


SQL> insert into accident values(3001, to_date('mm/dd/yyyy','3/18/10'),'Boston');
insert into accident values(3001, to_date('mm/dd/yyyy','3/18/10'),'Boston')
                                                       *
ERROR at line 1:
ORA-01821: date format not recognized 


SQL> insert into accident values(3001, to_date('03/18/10','mm/dd/yyyy),'Boston');
ERROR:
ORA-01756: quoted string not properly terminated 


SQL> insert into accident values(3001, to_date('03/18/10','mm/dd/yyyy'),'Boston');

1 row created.

SQL> insert into accident values(3002, to_date('08/16/06','mm/dd/yyyy'),'Denver');

1 row created.

SQL> insert into accident values(3003, to_date('11/04/08','mm/dd/yyyy'),'Dallas');

1 row created.

SQL> insert into accident values(3004, to_date('07/07/11','mm/dd/yyyy'),'Chicago');

1 row created.

SQL> insert into accident values(3005, to_date('04/04/01','mm/dd/yyyy'),'Detroit');

1 row created.

SQL> insert into accident values(3005, to_date('12/24/10','mm/dd/yyyy'),'Dallas');
insert into accident values(3005, to_date('12/24/10','mm/dd/yyyy'),'Dallas')
*
ERROR at line 1:
ORA-00001: unique constraint (HVELUVOLU.SYS_C0017200) violated 


SQL> insert into accident values(3006, to_date('12/24/10','mm/dd/yyyy'),'Dallas');

1 row created.

SQL> insert into accident values(3007 to_date('03/24/09/yyyy'),'Las Vegas
  2  
SQL> insert into accident values(3007 to_date('03/24/09/yyyy'),'Las Vegas);
ERROR:
ORA-01756: quoted string not properly terminated 


SQL> insert into accident values(3007 to_date('03/24/09/yyyy'),'Las Vegas');
insert into accident values(3007 to_date('03/24/09/yyyy'),'Las Vegas')
                                 *
ERROR at line 1:
ORA-00917: missing comma 


SQL> insert into accident values(3007 ,to_date('03/24/09/yyyy'),'Las Vegas');
insert into accident values(3007 ,to_date('03/24/09/yyyy'),'Las Vegas')
                                          *
ERROR at line 1:
ORA-01843: not a valid month 


SQL> insert into accident values(3007, to_date('03/24/09','mm/dd/yyyy'),'Las Vegas');

1 row created.

SQL> insert into accident values(3008, to_date('12/16/11','mm/dd/yyyy'),'Boston');

1 row created.

SQL> insert into accident values(3009, to_date('04/18/04','mm/dd/yyyy'),'California');

1 row created.

SQL> select * from accident;

REPORT_NUM DAY_DATE  LOCATION                                                   
---------- --------- --------------------------------------------------         
      3001 18-MAR-10 Boston                                                     
      3002 16-AUG-06 Denver                                                     
      3003 04-NOV-08 Dallas                                                     
      3004 07-JUL-11 Chicago                                                    
      3005 04-APR-01 Detroit                                                    
      3006 24-DEC-10 Dallas                                                     
      3007 24-MAR-09 Las Vegas                                                  
      3008 16-DEC-11 Boston                                                     
      3009 18-APR-04 California                                                 

9 rows selected.

SQL> create table claim_insurance(report_num number(10) foreign key(report_num) references accident(report_num), driver_license_id number(10) foreign key(driver_license_id) references driver(driver_license_id),reg_num number(10) foreign key(reg_num) references car(reg_num), damage_amount number(10));
create table claim_insurance(report_num number(10) foreign key(report_num) references accident(report_num), driver_license_id number(10) foreign key(driver_license_id) references driver(driver_license_id),reg_num number(10) foreign key(reg_num) references car(reg_num), damage_amount number(10))
                                                   *
ERROR at line 1:
ORA-00907: missing right parenthesis 


SQL> create table claim_insurance(report_num number(10), foreign key(report_num) references accident(report_num), driver_license_id number(10), foreign key(driver_license_id) references driver(driver_license_id),reg_num number(10), foreign key(reg_num) references car(reg_num), damage_amount number(10));

Table created.

SQL> insert into claim_insurance values(3006,1010,208,20000);

1 row created.

SQL> insert into claim_insurance values(3009,1007,209,45000);

1 row created.

SQL> insert into claim_insurance values(3004,1004,207,4000);

1 row created.

SQL> insert into claim_insurance values(3001,1005,208,2000);

1 row created.

SQL> insert into claim_insurance values(3002,1010,202,10000);

1 row created.

SQL> insert into claim_insurance values(3008,1003,207,6000);

1 row created.

SQL> insert into claim_insurance values(3010,1004,204,4000);
insert into claim_insurance values(3010,1004,204,4000)
*
ERROR at line 1:
ORA-02291: integrity constraint (HVELUVOLU.SYS_C0017206) violated - parent key 
not found 


SQL> insert into claim_insurance values(3010,1004,204,4000);
insert into claim_insurance values(3010,1004,204,4000)
*
ERROR at line 1:
ORA-02291: integrity constraint (HVELUVOLU.SYS_C0017206) violated - parent key 
not found 


SQL> select * from driver;

DRIVER_LICENSE_ID NAME                                                          
----------------- --------------------------------------------------            
ADDRESS                                                   AGE                   
-------------------------------------------------- ----------                   
             1001 Peter                                                         
Newyork                                                    30                   
                                                                                
             1002 John                                                          
Boston                                                     26                   
                                                                                
             1003 Clark                                                         
Omaha                                                      29                   
                                                                                

DRIVER_LICENSE_ID NAME                                                          
----------------- --------------------------------------------------            
ADDRESS                                                   AGE                   
-------------------------------------------------- ----------                   
             1004 Steve                                                         
Denver                                                     25                   
                                                                                
             1005 Johnson                                                       
Boston                                                     36                   
                                                                                
             1006 Williams                                                      
Omaha                                                      39                   
                                                                                

DRIVER_LICENSE_ID NAME                                                          
----------------- --------------------------------------------------            
ADDRESS                                                   AGE                   
-------------------------------------------------- ----------                   
             1007 Davis                                                         
California                                                 19                   
                                                                                
             1008 James                                                         
Dallas                                                     21                   
                                                                                
             1009 Robert                                                        
Newyork                                                    29                   
                                                                                

DRIVER_LICENSE_ID NAME                                                          
----------------- --------------------------------------------------            
ADDRESS                                                   AGE                   
-------------------------------------------------- ----------                   
             1010 Martin                                                        
California                                                 32                   
                                                                                

10 rows selected.

SQL> select * from car;

   REG_NUM       YEAR CAR_MODEL                                                 
---------- ---------- --------------------------------------------------        
       201       1998 Maruti800                                                 
       202       2005 Tata Indica                                               
       203       2010 Maruti Swift                                              
       204       2011 Mercedes Benz                                             
       205       2003 Alto                                                      
       206       2006 Toyota Innova                                             
       207       2010 Tata Nano                                                 
       208       2006 Hyundai i10                                               
       209       2009 Hyundai i20                                               

9 rows selected.

SQL> select * from accident;

REPORT_NUM DAY_DATE  LOCATION                                                   
---------- --------- --------------------------------------------------         
      3001 18-MAR-10 Boston                                                     
      3002 16-AUG-06 Denver                                                     
      3003 04-NOV-08 Dallas                                                     
      3004 07-JUL-11 Chicago                                                    
      3005 04-APR-01 Detroit                                                    
      3006 24-DEC-10 Dallas                                                     
      3007 24-MAR-09 Las Vegas                                                  
      3008 16-DEC-11 Boston                                                     
      3009 18-APR-04 California                                                 

9 rows selected.

SQL> select * from claim_insurance;

REPORT_NUM DRIVER_LICENSE_ID    REG_NUM DAMAGE_AMOUNT                           
---------- ----------------- ---------- -------------                           
      3006              1010        208         20000                           
      3009              1007        209         45000                           
      3004              1004        207          4000                           
      3001              1005        208          2000                           
      3002              1010        202         10000                           
      3008              1003        207          6000                           

6 rows selected.

SQL> select * from driver where address='Newyork';

DRIVER_LICENSE_ID NAME                                                          
----------------- --------------------------------------------------            
ADDRESS                                                   AGE                   
-------------------------------------------------- ----------                   
             1001 Peter                                                         
Newyork                                                    30                   
                                                                                
             1009 Robert                                                        
Newyork                                                    29                   
                                                                                

SQL> select * from car where car_model like'_a%';

   REG_NUM       YEAR CAR_MODEL                                                 
---------- ---------- --------------------------------------------------        
       201       1998 Maruti800                                                 
       202       2005 Tata Indica                                               
       203       2010 Maruti Swift                                              
       207       2010 Tata Nano                                                 

SQL> select c.report_num,r.location,c.damage_amount from claim_insurance c,accident r where c.report_mum=r.report_num;
select c.report_num,r.location,c.damage_amount from claim_insurance c,accident r where c.report_mum=r.report_num
                                                                                       *
ERROR at line 1:
ORA-00904: "C"."REPORT_MUM": invalid identifier 


SQL> select c.report_num,r.location,c.damage_amount from claim_insurance c,accident r where c.report_num=r.report_num;

REPORT_NUM LOCATION                                           DAMAGE_AMOUNT     
---------- -------------------------------------------------- -------------     
      3006 Dallas                                                     20000     
      3009 California                                                 45000     
      3004 Chicago                                                     4000     
      3001 Boston                                                      2000     
      3002 Denver                                                     10000     
      3008 Boston                                                      6000     

6 rows selected.

SQL> select d.* from driver d,claim_insurance c where d.driver_license_id=c.driver_insurance_id and count(c.driver_license_id) >1;
select d.* from driver d,claim_insurance c where d.driver_license_id=c.driver_insurance_id and count(c.driver_license_id) >1
                                                                                               *
ERROR at line 1:
ORA-00934: group function is not allowed here 


SQL> select d.* from driver d,claim_insurance c where d.driver_license_id=c.driver_insurance_id and c.driver_license_id=(select c.driver_license_id from claim_insurance where count(c.driver_license_id) >1);
select d.* from driver d,claim_insurance c where d.driver_license_id=c.driver_insurance_id and c.driver_license_id=(select c.driver_license_id from claim_insurance where count(c.driver_license_id) >1)
                                                                                                                                                                          *
ERROR at line 1:
ORA-00934: group function is not allowed here 


SQL> select * from driver where driver_license_id=(select driver_license_id from claim_insurance group by driver_license_id having count(driver_license_id) >1);

DRIVER_LICENSE_ID NAME                                                          
----------------- --------------------------------------------------            
ADDRESS                                                   AGE                   
-------------------------------------------------- ----------                   
             1010 Martin                                                        
California                                                 32                   
                                                                                

SQL> select * from car where reg_num=(select reg_num from claim_insurance group by reg_num having count(reg_num)>1);
select * from car where reg_num=(select reg_num from claim_insurance group by reg_num having count(reg_num)>1)
                                 *
ERROR at line 1:
ORA-01427: single-row subquery returns more than one row 


SQL> select * from car where reg_num=(select reg_num from claim_insurance group by reg_num having count(reg_num)>1);
select * from car where reg_num=(select reg_num from claim_insurance group by reg_num having count(reg_num)>1)
                                 *
ERROR at line 1:
ORA-01427: single-row subquery returns more than one row 


SQL> select * from car where reg_num in(select reg_num from claim_insurance group by reg_num having count(reg_num)>1);

   REG_NUM       YEAR CAR_MODEL                                                 
---------- ---------- --------------------------------------------------        
       207       2010 Tata Nano                                                 
       208       2006 Hyundai i10                                               

SQL> spool off;
SQL> select c.report_num,c.driver_license_id,c.reg_num from claim_insurance c, accident a where a.report_num=c.report_num and a.location='Dallas';

REPORT_NUM DRIVER_LICENSE_ID    REG_NUM                                         
---------- ----------------- ----------                                         
      3006              1010        208                                         

SQL> select c.report_num,c.driver_license_id,d.name,c.reg_num,c.car_model from claim_insurance c,accident a,car c,driver d where c.driver_license_id=d.driver_license_id and c.reg_num=c.reg_num;
select c.report_num,c.driver_license_id,d.name,c.reg_num,c.car_model from claim_insurance c,accident a,car c,driver d where c.driver_license_id=d.driver_license_id and c.reg_num=c.reg_num
                                                                                                                                                                                  *
ERROR at line 1:
ORA-00918: column ambiguously defined 


SQL> select c.report_num,c.driver_license_id,d.name,c.reg_num,ca.car_model from claim_insurance c,accident a,car ca,driver d where c.driver_license_id=d.driver_license_id and c.reg_num=ca.reg_num;

REPORT_NUM DRIVER_LICENSE_ID NAME                                               
---------- ----------------- -------------------------------------------------- 
   REG_NUM CAR_MODEL                                                            
---------- --------------------------------------------------                   
      3006              1010 Martin                                             
       208 Hyundai i10                                                          
                                                                                
      3009              1007 Davis                                              
       209 Hyundai i20                                                          
                                                                                
      3004              1004 Steve                                              
       207 Tata Nano                                                            
                                                                                

REPORT_NUM DRIVER_LICENSE_ID NAME                                               
---------- ----------------- -------------------------------------------------- 
   REG_NUM CAR_MODEL                                                            
---------- --------------------------------------------------                   
      3001              1005 Johnson                                            
       208 Hyundai i10                                                          
                                                                                
      3002              1010 Martin                                             
       202 Tata Indica                                                          
                                                                                
      3008              1003 Clark                                              
       207 Tata Nano                                                            
                                                                                

REPORT_NUM DRIVER_LICENSE_ID NAME                                               
---------- ----------------- -------------------------------------------------- 
   REG_NUM CAR_MODEL                                                            
---------- --------------------------------------------------                   
      3006              1010 Martin                                             
       208 Hyundai i10                                                          
                                                                                
      3009              1007 Davis                                              
       209 Hyundai i20                                                          
                                                                                
      3004              1004 Steve                                              
       207 Tata Nano                                                            
                                                                                

REPORT_NUM DRIVER_LICENSE_ID NAME                                               
---------- ----------------- -------------------------------------------------- 
   REG_NUM CAR_MODEL                                                            
---------- --------------------------------------------------                   
      3001              1005 Johnson                                            
       208 Hyundai i10                                                          
                                                                                
      3002              1010 Martin                                             
       202 Tata Indica                                                          
                                                                                
      3008              1003 Clark                                              
       207 Tata Nano                                                            
                                                                                

REPORT_NUM DRIVER_LICENSE_ID NAME                                               
---------- ----------------- -------------------------------------------------- 
   REG_NUM CAR_MODEL                                                            
---------- --------------------------------------------------                   
      3006              1010 Martin                                             
       208 Hyundai i10                                                          
                                                                                
      3009              1007 Davis                                              
       209 Hyundai i20                                                          
                                                                                
      3004              1004 Steve                                              
       207 Tata Nano                                                            
                                                                                

REPORT_NUM DRIVER_LICENSE_ID NAME                                               
---------- ----------------- -------------------------------------------------- 
   REG_NUM CAR_MODEL                                                            
---------- --------------------------------------------------                   
      3001              1005 Johnson                                            
       208 Hyundai i10                                                          
                                                                                
      3002              1010 Martin                                             
       202 Tata Indica                                                          
                                                                                
      3008              1003 Clark                                              
       207 Tata Nano                                                            
                                                                                

REPORT_NUM DRIVER_LICENSE_ID NAME                                               
---------- ----------------- -------------------------------------------------- 
   REG_NUM CAR_MODEL                                                            
---------- --------------------------------------------------                   
      3006              1010 Martin                                             
       208 Hyundai i10                                                          
                                                                                
      3009              1007 Davis                                              
       209 Hyundai i20                                                          
                                                                                
      3004              1004 Steve                                              
       207 Tata Nano                                                            
                                                                                

REPORT_NUM DRIVER_LICENSE_ID NAME                                               
---------- ----------------- -------------------------------------------------- 
   REG_NUM CAR_MODEL                                                            
---------- --------------------------------------------------                   
      3001              1005 Johnson                                            
       208 Hyundai i10                                                          
                                                                                
      3002              1010 Martin                                             
       202 Tata Indica                                                          
                                                                                
      3008              1003 Clark                                              
       207 Tata Nano                                                            
                                                                                

REPORT_NUM DRIVER_LICENSE_ID NAME                                               
---------- ----------------- -------------------------------------------------- 
   REG_NUM CAR_MODEL                                                            
---------- --------------------------------------------------                   
      3006              1010 Martin                                             
       208 Hyundai i10                                                          
                                                                                
      3009              1007 Davis                                              
       209 Hyundai i20                                                          
                                                                                
      3004              1004 Steve                                              
       207 Tata Nano                                                            
                                                                                

REPORT_NUM DRIVER_LICENSE_ID NAME                                               
---------- ----------------- -------------------------------------------------- 
   REG_NUM CAR_MODEL                                                            
---------- --------------------------------------------------                   
      3001              1005 Johnson                                            
       208 Hyundai i10                                                          
                                                                                
      3002              1010 Martin                                             
       202 Tata Indica                                                          
                                                                                
      3008              1003 Clark                                              
       207 Tata Nano                                                            
                                                                                

REPORT_NUM DRIVER_LICENSE_ID NAME                                               
---------- ----------------- -------------------------------------------------- 
   REG_NUM CAR_MODEL                                                            
---------- --------------------------------------------------                   
      3006              1010 Martin                                             
       208 Hyundai i10                                                          
                                                                                
      3009              1007 Davis                                              
       209 Hyundai i20                                                          
                                                                                
      3004              1004 Steve                                              
       207 Tata Nano                                                            
                                                                                

REPORT_NUM DRIVER_LICENSE_ID NAME                                               
---------- ----------------- -------------------------------------------------- 
   REG_NUM CAR_MODEL                                                            
---------- --------------------------------------------------                   
      3001              1005 Johnson                                            
       208 Hyundai i10                                                          
                                                                                
      3002              1010 Martin                                             
       202 Tata Indica                                                          
                                                                                
      3008              1003 Clark                                              
       207 Tata Nano                                                            
                                                                                

REPORT_NUM DRIVER_LICENSE_ID NAME                                               
---------- ----------------- -------------------------------------------------- 
   REG_NUM CAR_MODEL                                                            
---------- --------------------------------------------------                   
      3006              1010 Martin                                             
       208 Hyundai i10                                                          
                                                                                
      3009              1007 Davis                                              
       209 Hyundai i20                                                          
                                                                                
      3004              1004 Steve                                              
       207 Tata Nano                                                            
                                                                                

REPORT_NUM DRIVER_LICENSE_ID NAME                                               
---------- ----------------- -------------------------------------------------- 
   REG_NUM CAR_MODEL                                                            
---------- --------------------------------------------------                   
      3001              1005 Johnson                                            
       208 Hyundai i10                                                          
                                                                                
      3002              1010 Martin                                             
       202 Tata Indica                                                          
                                                                                
      3008              1003 Clark                                              
       207 Tata Nano                                                            
                                                                                

REPORT_NUM DRIVER_LICENSE_ID NAME                                               
---------- ----------------- -------------------------------------------------- 
   REG_NUM CAR_MODEL                                                            
---------- --------------------------------------------------                   
      3006              1010 Martin                                             
       208 Hyundai i10                                                          
                                                                                
      3009              1007 Davis                                              
       209 Hyundai i20                                                          
                                                                                
      3004              1004 Steve                                              
       207 Tata Nano                                                            
                                                                                

REPORT_NUM DRIVER_LICENSE_ID NAME                                               
---------- ----------------- -------------------------------------------------- 
   REG_NUM CAR_MODEL                                                            
---------- --------------------------------------------------                   
      3001              1005 Johnson                                            
       208 Hyundai i10                                                          
                                                                                
      3002              1010 Martin                                             
       202 Tata Indica                                                          
                                                                                
      3008              1003 Clark                                              
       207 Tata Nano                                                            
                                                                                

REPORT_NUM DRIVER_LICENSE_ID NAME                                               
---------- ----------------- -------------------------------------------------- 
   REG_NUM CAR_MODEL                                                            
---------- --------------------------------------------------                   
      3006              1010 Martin                                             
       208 Hyundai i10                                                          
                                                                                
      3009              1007 Davis                                              
       209 Hyundai i20                                                          
                                                                                
      3004              1004 Steve                                              
       207 Tata Nano                                                            
                                                                                

REPORT_NUM DRIVER_LICENSE_ID NAME                                               
---------- ----------------- -------------------------------------------------- 
   REG_NUM CAR_MODEL                                                            
---------- --------------------------------------------------                   
      3001              1005 Johnson                                            
       208 Hyundai i10                                                          
                                                                                
      3002              1010 Martin                                             
       202 Tata Indica                                                          
                                                                                
      3008              1003 Clark                                              
       207 Tata Nano                                                            
                                                                                

54 rows selected.

SQL> select c.report_num,c.driver_license_id,d.name,c.reg_num,ca.car_model from claim_insurance c,accident a,car ca,driver d where c.driver_license_id=d.driver_license_id and c.reg_num=ca.reg_num;

REPORT_NUM DRIVER_LICENSE_ID NAME                                               
---------- ----------------- -------------------------------------------------- 
   REG_NUM CAR_MODEL                                                            
---------- --------------------------------------------------                   
      3006              1010 Martin                                             
       208 Hyundai i10                                                          
                                                                                
      3009              1007 Davis                                              
       209 Hyundai i20                                                          
                                                                                
      3004              1004 Steve                                              
       207 Tata Nano                                                            
                                                                                

REPORT_NUM DRIVER_LICENSE_ID NAME                                               
---------- ----------------- -------------------------------------------------- 
   REG_NUM CAR_MODEL                                                            
---------- --------------------------------------------------                   
      3001              1005 Johnson                                            
       208 Hyundai i10                                                          
                                                                                
      3002              1010 Martin                                             
       202 Tata Indica                                                          
                                                                                
      3008              1003 Clark                                              
       207 Tata Nano                                                            
                                                                                

REPORT_NUM DRIVER_LICENSE_ID NAME                                               
---------- ----------------- -------------------------------------------------- 
   REG_NUM CAR_MODEL                                                            
---------- --------------------------------------------------                   
      3006              1010 Martin                                             
       208 Hyundai i10                                                          
                                                                                
      3009              1007 Davis                                              
       209 Hyundai i20                                                          
                                                                                
      3004              1004 Steve                                              
       207 Tata Nano                                                            
                                                                                

REPORT_NUM DRIVER_LICENSE_ID NAME                                               
---------- ----------------- -------------------------------------------------- 
   REG_NUM CAR_MODEL                                                            
---------- --------------------------------------------------                   
      3001              1005 Johnson                                            
       208 Hyundai i10                                                          
                                                                                
      3002              1010 Martin                                             
       202 Tata Indica                                                          
                                                                                
      3008              1003 Clark                                              
       207 Tata Nano                                                            
                                                                                

REPORT_NUM DRIVER_LICENSE_ID NAME                                               
---------- ----------------- -------------------------------------------------- 
   REG_NUM CAR_MODEL                                                            
---------- --------------------------------------------------                   
      3006              1010 Martin                                             
       208 Hyundai i10                                                          
                                                                                
      3009              1007 Davis                                              
       209 Hyundai i20                                                          
                                                                                
      3004              1004 Steve                                              
       207 Tata Nano                                                            
                                                                                

REPORT_NUM DRIVER_LICENSE_ID NAME                                               
---------- ----------------- -------------------------------------------------- 
   REG_NUM CAR_MODEL                                                            
---------- --------------------------------------------------                   
      3001              1005 Johnson                                            
       208 Hyundai i10                                                          
                                                                                
      3002              1010 Martin                                             
       202 Tata Indica                                                          
                                                                                
      3008              1003 Clark                                              
       207 Tata Nano                                                            
                                                                                

REPORT_NUM DRIVER_LICENSE_ID NAME                                               
---------- ----------------- -------------------------------------------------- 
   REG_NUM CAR_MODEL                                                            
---------- --------------------------------------------------                   
      3006              1010 Martin                                             
       208 Hyundai i10                                                          
                                                                                
      3009              1007 Davis                                              
       209 Hyundai i20                                                          
                                                                                
      3004              1004 Steve                                              
       207 Tata Nano                                                            
                                                                                

REPORT_NUM DRIVER_LICENSE_ID NAME                                               
---------- ----------------- -------------------------------------------------- 
   REG_NUM CAR_MODEL                                                            
---------- --------------------------------------------------                   
      3001              1005 Johnson                                            
       208 Hyundai i10                                                          
                                                                                
      3002              1010 Martin                                             
       202 Tata Indica                                                          
                                                                                
      3008              1003 Clark                                              
       207 Tata Nano                                                            
                                                                                

REPORT_NUM DRIVER_LICENSE_ID NAME                                               
---------- ----------------- -------------------------------------------------- 
   REG_NUM CAR_MODEL                                                            
---------- --------------------------------------------------                   
      3006              1010 Martin                                             
       208 Hyundai i10                                                          
                                                                                
      3009              1007 Davis                                              
       209 Hyundai i20                                                          
                                                                                
      3004              1004 Steve                                              
       207 Tata Nano                                                            
                                                                                

REPORT_NUM DRIVER_LICENSE_ID NAME                                               
---------- ----------------- -------------------------------------------------- 
   REG_NUM CAR_MODEL                                                            
---------- --------------------------------------------------                   
      3001              1005 Johnson                                            
       208 Hyundai i10                                                          
                                                                                
      3002              1010 Martin                                             
       202 Tata Indica                                                          
                                                                                
      3008              1003 Clark                                              
       207 Tata Nano                                                            
                                                                                

REPORT_NUM DRIVER_LICENSE_ID NAME                                               
---------- ----------------- -------------------------------------------------- 
   REG_NUM CAR_MODEL                                                            
---------- --------------------------------------------------                   
      3006              1010 Martin                                             
       208 Hyundai i10                                                          
                                                                                
      3009              1007 Davis                                              
       209 Hyundai i20                                                          
                                                                                
      3004              1004 Steve                                              
       207 Tata Nano                                                            
                                                                                

REPORT_NUM DRIVER_LICENSE_ID NAME                                               
---------- ----------------- -------------------------------------------------- 
   REG_NUM CAR_MODEL                                                            
---------- --------------------------------------------------                   
      3001              1005 Johnson                                            
       208 Hyundai i10                                                          
                                                                                
      3002              1010 Martin                                             
       202 Tata Indica                                                          
                                                                                
      3008              1003 Clark                                              
       207 Tata Nano                                                            
                                                                                

REPORT_NUM DRIVER_LICENSE_ID NAME                                               
---------- ----------------- -------------------------------------------------- 
   REG_NUM CAR_MODEL                                                            
---------- --------------------------------------------------                   
      3006              1010 Martin                                             
       208 Hyundai i10                                                          
                                                                                
      3009              1007 Davis                                              
       209 Hyundai i20                                                          
                                                                                
      3004              1004 Steve                                              
       207 Tata Nano                                                            
                                                                                

REPORT_NUM DRIVER_LICENSE_ID NAME                                               
---------- ----------------- -------------------------------------------------- 
   REG_NUM CAR_MODEL                                                            
---------- --------------------------------------------------                   
      3001              1005 Johnson                                            
       208 Hyundai i10                                                          
                                                                                
      3002              1010 Martin                                             
       202 Tata Indica                                                          
                                                                                
      3008              1003 Clark                                              
       207 Tata Nano                                                            
                                                                                

REPORT_NUM DRIVER_LICENSE_ID NAME                                               
---------- ----------------- -------------------------------------------------- 
   REG_NUM CAR_MODEL                                                            
---------- --------------------------------------------------                   
      3006              1010 Martin                                             
       208 Hyundai i10                                                          
                                                                                
      3009              1007 Davis                                              
       209 Hyundai i20                                                          
                                                                                
      3004              1004 Steve                                              
       207 Tata Nano                                                            
                                                                                

REPORT_NUM DRIVER_LICENSE_ID NAME                                               
---------- ----------------- -------------------------------------------------- 
   REG_NUM CAR_MODEL                                                            
---------- --------------------------------------------------                   
      3001              1005 Johnson                                            
       208 Hyundai i10                                                          
                                                                                
      3002              1010 Martin                                             
       202 Tata Indica                                                          
                                                                                
      3008              1003 Clark                                              
       207 Tata Nano                                                            
                                                                                

REPORT_NUM DRIVER_LICENSE_ID NAME                                               
---------- ----------------- -------------------------------------------------- 
   REG_NUM CAR_MODEL                                                            
---------- --------------------------------------------------                   
      3006              1010 Martin                                             
       208 Hyundai i10                                                          
                                                                                
      3009              1007 Davis                                              
       209 Hyundai i20                                                          
                                                                                
      3004              1004 Steve                                              
       207 Tata Nano                                                            
                                                                                

REPORT_NUM DRIVER_LICENSE_ID NAME                                               
---------- ----------------- -------------------------------------------------- 
   REG_NUM CAR_MODEL                                                            
---------- --------------------------------------------------                   
      3001              1005 Johnson                                            
       208 Hyundai i10                                                          
                                                                                
      3002              1010 Martin                                             
       202 Tata Indica                                                          
                                                                                
      3008              1003 Clark                                              
       207 Tata Nano                                                            
                                                                                

54 rows selected.

SQL> select c.report_num,c.driver_license_id,d.name,c.reg_num,ca.car_model from claim_insurance c,accident a,car ca,driver d where c.driver_license_id=d.driver_license_id and c.reg_num=ca.reg_num and (sysdate-a.day_date) >400;

REPORT_NUM DRIVER_LICENSE_ID NAME                                               
---------- ----------------- -------------------------------------------------- 
   REG_NUM CAR_MODEL                                                            
---------- --------------------------------------------------                   
      3006              1010 Martin                                             
       208 Hyundai i10                                                          
                                                                                
      3009              1007 Davis                                              
       209 Hyundai i20                                                          
                                                                                
      3004              1004 Steve                                              
       207 Tata Nano                                                            
                                                                                

REPORT_NUM DRIVER_LICENSE_ID NAME                                               
---------- ----------------- -------------------------------------------------- 
   REG_NUM CAR_MODEL                                                            
---------- --------------------------------------------------                   
      3001              1005 Johnson                                            
       208 Hyundai i10                                                          
                                                                                
      3002              1010 Martin                                             
       202 Tata Indica                                                          
                                                                                
      3008              1003 Clark                                              
       207 Tata Nano                                                            
                                                                                

REPORT_NUM DRIVER_LICENSE_ID NAME                                               
---------- ----------------- -------------------------------------------------- 
   REG_NUM CAR_MODEL                                                            
---------- --------------------------------------------------                   
      3006              1010 Martin                                             
       208 Hyundai i10                                                          
                                                                                
      3009              1007 Davis                                              
       209 Hyundai i20                                                          
                                                                                
      3004              1004 Steve                                              
       207 Tata Nano                                                            
                                                                                

REPORT_NUM DRIVER_LICENSE_ID NAME                                               
---------- ----------------- -------------------------------------------------- 
   REG_NUM CAR_MODEL                                                            
---------- --------------------------------------------------                   
      3001              1005 Johnson                                            
       208 Hyundai i10                                                          
                                                                                
      3002              1010 Martin                                             
       202 Tata Indica                                                          
                                                                                
      3008              1003 Clark                                              
       207 Tata Nano                                                            
                                                                                

REPORT_NUM DRIVER_LICENSE_ID NAME                                               
---------- ----------------- -------------------------------------------------- 
   REG_NUM CAR_MODEL                                                            
---------- --------------------------------------------------                   
      3006              1010 Martin                                             
       208 Hyundai i10                                                          
                                                                                
      3009              1007 Davis                                              
       209 Hyundai i20                                                          
                                                                                
      3004              1004 Steve                                              
       207 Tata Nano                                                            
                                                                                

REPORT_NUM DRIVER_LICENSE_ID NAME                                               
---------- ----------------- -------------------------------------------------- 
   REG_NUM CAR_MODEL                                                            
---------- --------------------------------------------------                   
      3001              1005 Johnson                                            
       208 Hyundai i10                                                          
                                                                                
      3002              1010 Martin                                             
       202 Tata Indica                                                          
                                                                                
      3008              1003 Clark                                              
       207 Tata Nano                                                            
                                                                                

REPORT_NUM DRIVER_LICENSE_ID NAME                                               
---------- ----------------- -------------------------------------------------- 
   REG_NUM CAR_MODEL                                                            
---------- --------------------------------------------------                   
      3006              1010 Martin                                             
       208 Hyundai i10                                                          
                                                                                
      3009              1007 Davis                                              
       209 Hyundai i20                                                          
                                                                                
      3004              1004 Steve                                              
       207 Tata Nano                                                            
                                                                                

REPORT_NUM DRIVER_LICENSE_ID NAME                                               
---------- ----------------- -------------------------------------------------- 
   REG_NUM CAR_MODEL                                                            
---------- --------------------------------------------------                   
      3001              1005 Johnson                                            
       208 Hyundai i10                                                          
                                                                                
      3002              1010 Martin                                             
       202 Tata Indica                                                          
                                                                                
      3008              1003 Clark                                              
       207 Tata Nano                                                            
                                                                                

REPORT_NUM DRIVER_LICENSE_ID NAME                                               
---------- ----------------- -------------------------------------------------- 
   REG_NUM CAR_MODEL                                                            
---------- --------------------------------------------------                   
      3006              1010 Martin                                             
       208 Hyundai i10                                                          
                                                                                
      3009              1007 Davis                                              
       209 Hyundai i20                                                          
                                                                                
      3004              1004 Steve                                              
       207 Tata Nano                                                            
                                                                                

REPORT_NUM DRIVER_LICENSE_ID NAME                                               
---------- ----------------- -------------------------------------------------- 
   REG_NUM CAR_MODEL                                                            
---------- --------------------------------------------------                   
      3001              1005 Johnson                                            
       208 Hyundai i10                                                          
                                                                                
      3002              1010 Martin                                             
       202 Tata Indica                                                          
                                                                                
      3008              1003 Clark                                              
       207 Tata Nano                                                            
                                                                                

REPORT_NUM DRIVER_LICENSE_ID NAME                                               
---------- ----------------- -------------------------------------------------- 
   REG_NUM CAR_MODEL                                                            
---------- --------------------------------------------------                   
      3006              1010 Martin                                             
       208 Hyundai i10                                                          
                                                                                
      3009              1007 Davis                                              
       209 Hyundai i20                                                          
                                                                                
      3004              1004 Steve                                              
       207 Tata Nano                                                            
                                                                                

REPORT_NUM DRIVER_LICENSE_ID NAME                                               
---------- ----------------- -------------------------------------------------- 
   REG_NUM CAR_MODEL                                                            
---------- --------------------------------------------------                   
      3001              1005 Johnson                                            
       208 Hyundai i10                                                          
                                                                                
      3002              1010 Martin                                             
       202 Tata Indica                                                          
                                                                                
      3008              1003 Clark                                              
       207 Tata Nano                                                            
                                                                                

REPORT_NUM DRIVER_LICENSE_ID NAME                                               
---------- ----------------- -------------------------------------------------- 
   REG_NUM CAR_MODEL                                                            
---------- --------------------------------------------------                   
      3006              1010 Martin                                             
       208 Hyundai i10                                                          
                                                                                
      3009              1007 Davis                                              
       209 Hyundai i20                                                          
                                                                                
      3004              1004 Steve                                              
       207 Tata Nano                                                            
                                                                                

REPORT_NUM DRIVER_LICENSE_ID NAME                                               
---------- ----------------- -------------------------------------------------- 
   REG_NUM CAR_MODEL                                                            
---------- --------------------------------------------------                   
      3001              1005 Johnson                                            
       208 Hyundai i10                                                          
                                                                                
      3002              1010 Martin                                             
       202 Tata Indica                                                          
                                                                                
      3008              1003 Clark                                              
       207 Tata Nano                                                            
                                                                                

REPORT_NUM DRIVER_LICENSE_ID NAME                                               
---------- ----------------- -------------------------------------------------- 
   REG_NUM CAR_MODEL                                                            
---------- --------------------------------------------------                   
      3006              1010 Martin                                             
       208 Hyundai i10                                                          
                                                                                
      3009              1007 Davis                                              
       209 Hyundai i20                                                          
                                                                                
      3004              1004 Steve                                              
       207 Tata Nano                                                            
                                                                                

REPORT_NUM DRIVER_LICENSE_ID NAME                                               
---------- ----------------- -------------------------------------------------- 
   REG_NUM CAR_MODEL                                                            
---------- --------------------------------------------------                   
      3001              1005 Johnson                                            
       208 Hyundai i10                                                          
                                                                                
      3002              1010 Martin                                             
       202 Tata Indica                                                          
                                                                                
      3008              1003 Clark                                              
       207 Tata Nano                                                            
                                                                                

REPORT_NUM DRIVER_LICENSE_ID NAME                                               
---------- ----------------- -------------------------------------------------- 
   REG_NUM CAR_MODEL                                                            
---------- --------------------------------------------------                   
      3006              1010 Martin                                             
       208 Hyundai i10                                                          
                                                                                
      3009              1007 Davis                                              
       209 Hyundai i20                                                          
                                                                                
      3004              1004 Steve                                              
       207 Tata Nano                                                            
                                                                                

REPORT_NUM DRIVER_LICENSE_ID NAME                                               
---------- ----------------- -------------------------------------------------- 
   REG_NUM CAR_MODEL                                                            
---------- --------------------------------------------------                   
      3001              1005 Johnson                                            
       208 Hyundai i10                                                          
                                                                                
      3002              1010 Martin                                             
       202 Tata Indica                                                          
                                                                                
      3008              1003 Clark                                              
       207 Tata Nano                                                            
                                                                                

54 rows selected.

SQL> select c.report_num,c.driver_license_id,d.name,c.reg_num,ca.car_model from claim_insurance c,accident a,car ca,driver d where c.driver_license_id=d.driver_license_id and c.reg_num=ca.reg_num and a.report_num=c.report_num and (sysdate-a.day_date) >400;

REPORT_NUM DRIVER_LICENSE_ID NAME                                               
---------- ----------------- -------------------------------------------------- 
   REG_NUM CAR_MODEL                                                            
---------- --------------------------------------------------                   
      3006              1010 Martin                                             
       208 Hyundai i10                                                          
                                                                                
      3009              1007 Davis                                              
       209 Hyundai i20                                                          
                                                                                
      3004              1004 Steve                                              
       207 Tata Nano                                                            
                                                                                

REPORT_NUM DRIVER_LICENSE_ID NAME                                               
---------- ----------------- -------------------------------------------------- 
   REG_NUM CAR_MODEL                                                            
---------- --------------------------------------------------                   
      3001              1005 Johnson                                            
       208 Hyundai i10                                                          
                                                                                
      3002              1010 Martin                                             
       202 Tata Indica                                                          
                                                                                
      3008              1003 Clark                                              
       207 Tata Nano                                                            
                                                                                

6 rows selected.

SQL> select d.driver_license_id,d.name,c.reg_num,c.report_num from claim_insurance c,driver d where d.driver_license_id=c.driver_license_id and max(c.damange_amount);
select d.driver_license_id,d.name,c.reg_num,c.report_num from claim_insurance c,driver d where d.driver_license_id=c.driver_license_id and max(c.damange_amount)
                                                                                                                                           *
ERROR at line 1:
ORA-00934: group function is not allowed here 


SQL> select d.driver_license_id,d.name,c.reg_num,c.report_num from claim_insurance c,driver d where d.driver_license_id=c.driver_license_id and damange_amount= (select max(damange_amount) from claim_insurance);
select d.driver_license_id,d.name,c.reg_num,c.report_num from claim_insurance c,driver d where d.driver_license_id=c.driver_license_id and damange_amount= (select max(damange_amount) from claim_insurance)
                                                                                                                                           *
ERROR at line 1:
ORA-00904: "DAMANGE_AMOUNT": invalid identifier 


SQL> select d.driver_license_id,d.name,c.reg_num,c.report_num from claim_insurance c,driver d where d.driver_license_id=c.driver_license_id and c.damange_amount= (select max(damange_amount) from claim_insurance);
select d.driver_license_id,d.name,c.reg_num,c.report_num from claim_insurance c,driver d where d.driver_license_id=c.driver_license_id and c.damange_amount= (select max(damange_amount) from claim_insurance)
                                                                                                                                           *
ERROR at line 1:
ORA-00904: "C"."DAMANGE_AMOUNT": invalid identifier 


SQL> select d.driver_license_id,d.name,c.reg_num,c.report_num from claim_insurance c,driver d where d.driver_license_id=c.driver_license_id and c.damage_amount= (select max(damage_amount) from claim_insurance);

DRIVER_LICENSE_ID NAME                                                  REG_NUM 
----------------- -------------------------------------------------- ---------- 
REPORT_NUM                                                                      
----------                                                                      
             1007 Davis                                                     209 
      3009                                                                      
                                                                                

SQL> select * from claim_insurance where damage_amount=(select avg(damage_amount) from claim_insurance);

no rows selected

SQL> select * from claim_insurance where damage_amount=(select min(damage_amount) from claim_insurance);

REPORT_NUM DRIVER_LICENSE_ID    REG_NUM DAMAGE_AMOUNT                           
---------- ----------------- ---------- -------------                           
      3001              1005        208          2000                           

SQL> select a.* from accident a,claim_insurance c,driver d where a.report_num=c.report_num and d.driver_license_id=c.driver_license_id and d.name='Johnson';

REPORT_NUM DAY_DATE  LOCATION                                                   
---------- --------- --------------------------------------------------         
      3001 18-MAR-10 Boston                                                     

SQL> alter table driver drop constraint driver_pk;
alter table driver drop constraint driver_pk
                                   *
ERROR at line 1:
ORA-02273: this unique/primary key is referenced by some foreign keys 


SQL> alter table claim_insurance alter column driver_license_id number(10) not null;
alter table claim_insurance alter column driver_license_id number(10) not null
                            *
ERROR at line 1:
ORA-01735: invalid ALTER TABLE option 


SQL> alter table claim_insurance modify column driver_license_id number(10) not null;
alter table claim_insurance modify column driver_license_id number(10) not null
                                                            *
ERROR at line 1:
ORA-00905: missing keyword 


SQL> alter table claim_insurance modify  driver_license_id number(10) not null;

Table altered.

SQL> create view car_v1 as select reg_num,car_model from car;

View created.

SQL> select * from car_v1;

   REG_NUM CAR_MODEL                                                            
---------- --------------------------------------------------                   
       201 Maruti800                                                            
       202 Tata Indica                                                          
       203 Maruti Swift                                                         
       204 Mercedes Benz                                                        
       205 Alto                                                                 
       206 Toyota Innova                                                        
       207 Tata Nano                                                            
       208 Hyundai i10                                                          
       209 Hyundai i20                                                          

9 rows selected.

SQL> alter table driver add column dob date;
alter table driver add column dob date
                       *
ERROR at line 1:
ORA-00904: : invalid identifier 


SQL> alter table driver add  dob date;

Table altered.

SQL> create or replace view car_v1 as select * from car;

View created.

SQL> select * from car_v1;

   REG_NUM       YEAR CAR_MODEL                                                 
---------- ---------- --------------------------------------------------        
       201       1998 Maruti800                                                 
       202       2005 Tata Indica                                               
       203       2010 Maruti Swift                                              
       204       2011 Mercedes Benz                                             
       205       2003 Alto                                                      
       206       2006 Toyota Innova                                             
       207       2010 Tata Nano                                                 
       208       2006 Hyundai i10                                               
       209       2009 Hyundai i20                                               

9 rows selected.

SQL> create sequence driver_seq minvalue 1 start with 1 increment by 1 ;

Sequence created.

SQL> select last_day from dual;
select last_day from dual
       *
ERROR at line 1:
ORA-00904: "LAST_DAY": invalid identifier 


SQL> select last_day(sysdate) from dual;

LAST_DAY(                                                                       
---------                                                                       
31-MAY-18                                                                       

SQL> select to_char('sysdate','ddth mm yyyy') from dual;
select to_char('sysdate','ddth mm yyyy') from dual
               *
ERROR at line 1:
ORA-01722: invalid number 


SQL> select to_char(sysdate,'ddth mm yyyy') from dual;

TO_CHAR(SYSD                                                                    
------------                                                                    
29th 05 2018                                                                    

SQL> select to_char(sysdate,'ddth month year') from dual;

TO_CHAR(SYSDATE,'DDTHMONTHYEAR')                                                
---------------------------------------------------------                       
29th may       twenty eighteen                                                  

SQL> SPOOL OFF;
SQL> select concat('HANDLER ',NAME) FROM DRIVER;

CONCAT('HANDLER',NAME)                                                          
----------------------------------------------------------                      
HANDLER Peter                                                                   
HANDLER John                                                                    
HANDLER Clark                                                                   
HANDLER Steve                                                                   
HANDLER Johnson                                                                 
HANDLER Williams                                                                
HANDLER Davis                                                                   
HANDLER James                                                                   
HANDLER Robert                                                                  
HANDLER Martin                                                                  

10 rows selected.

SQL> select substr(address,-3) from driver;

SUB                                                                             
---                                                                             
ork                                                                             
ton                                                                             
aha                                                                             
ver                                                                             
ton                                                                             
aha                                                                             
nia                                                                             
las                                                                             
ork                                                                             
nia                                                                             

10 rows selected.

SQL> select driver_license_id,name,address,age from driver group by address having count(address)>1;
select driver_license_id,name,address,age from driver group by address having count(address)>1
       *
ERROR at line 1:
ORA-00979: not a GROUP BY expression 


SQL> select * from driver group by address,driver_license_id,name,age having count(address)>1;
select * from driver group by address,driver_license_id,name,age having count(address)>1
       *
ERROR at line 1:
ORA-00979: not a GROUP BY expression 


SQL> select c.driver_license_id,d.name,c.reg_num,ca.car_model,c.report_num,a.accident  from claim_insurance c,accident a ,car ca, driver d where c.report_num=a.report_num and d.driver_license_id=d.driver_license_id and c.reg_num=ca.reg_num and c.damage_amount>10000;
select c.driver_license_id,d.name,c.reg_num,ca.car_model,c.report_num,a.accident  from claim_insurance c,accident a ,car ca, driver d where c.report_num=a.report_num and d.driver_license_id=d.driver_license_id and c.reg_num=ca.reg_num and c.damage_amount>10000
                                                                      *
ERROR at line 1:
ORA-00904: "A"."ACCIDENT": invalid identifier 


SQL> select c.driver_license_id,d.name,c.reg_num,ca.car_model,c.report_num,a.location  from claim_insurance c,accident a ,car ca, driver d where c.report_num=a.report_num and d.driver_license_id=d.driver_license_id and c.reg_num=ca.reg_num and c.damage_amount>10000;

DRIVER_LICENSE_ID NAME                                                  REG_NUM 
----------------- -------------------------------------------------- ---------- 
CAR_MODEL                                          REPORT_NUM                   
-------------------------------------------------- ----------                   
LOCATION                                                                        
--------------------------------------------------                              
             1010 Peter                                                     208 
Hyundai i10                                              3006                   
Dallas                                                                          
                                                                                
             1010 John                                                      208 
Hyundai i10                                              3006                   
Dallas                                                                          

DRIVER_LICENSE_ID NAME                                                  REG_NUM 
----------------- -------------------------------------------------- ---------- 
CAR_MODEL                                          REPORT_NUM                   
-------------------------------------------------- ----------                   
LOCATION                                                                        
--------------------------------------------------                              
                                                                                
             1010 Clark                                                     208 
Hyundai i10                                              3006                   
Dallas                                                                          
                                                                                
             1010 Steve                                                     208 
Hyundai i10                                              3006                   

DRIVER_LICENSE_ID NAME                                                  REG_NUM 
----------------- -------------------------------------------------- ---------- 
CAR_MODEL                                          REPORT_NUM                   
-------------------------------------------------- ----------                   
LOCATION                                                                        
--------------------------------------------------                              
Dallas                                                                          
                                                                                
             1010 Johnson                                                   208 
Hyundai i10                                              3006                   
Dallas                                                                          
                                                                                
             1010 Williams                                                  208 

DRIVER_LICENSE_ID NAME                                                  REG_NUM 
----------------- -------------------------------------------------- ---------- 
CAR_MODEL                                          REPORT_NUM                   
-------------------------------------------------- ----------                   
LOCATION                                                                        
--------------------------------------------------                              
Hyundai i10                                              3006                   
Dallas                                                                          
                                                                                
             1010 Davis                                                     208 
Hyundai i10                                              3006                   
Dallas                                                                          
                                                                                

DRIVER_LICENSE_ID NAME                                                  REG_NUM 
----------------- -------------------------------------------------- ---------- 
CAR_MODEL                                          REPORT_NUM                   
-------------------------------------------------- ----------                   
LOCATION                                                                        
--------------------------------------------------                              
             1010 James                                                     208 
Hyundai i10                                              3006                   
Dallas                                                                          
                                                                                
             1010 Robert                                                    208 
Hyundai i10                                              3006                   
Dallas                                                                          

DRIVER_LICENSE_ID NAME                                                  REG_NUM 
----------------- -------------------------------------------------- ---------- 
CAR_MODEL                                          REPORT_NUM                   
-------------------------------------------------- ----------                   
LOCATION                                                                        
--------------------------------------------------                              
                                                                                
             1010 Martin                                                    208 
Hyundai i10                                              3006                   
Dallas                                                                          
                                                                                
             1007 Peter                                                     209 
Hyundai i20                                              3009                   

DRIVER_LICENSE_ID NAME                                                  REG_NUM 
----------------- -------------------------------------------------- ---------- 
CAR_MODEL                                          REPORT_NUM                   
-------------------------------------------------- ----------                   
LOCATION                                                                        
--------------------------------------------------                              
California                                                                      
                                                                                
             1007 John                                                      209 
Hyundai i20                                              3009                   
California                                                                      
                                                                                
             1007 Clark                                                     209 

DRIVER_LICENSE_ID NAME                                                  REG_NUM 
----------------- -------------------------------------------------- ---------- 
CAR_MODEL                                          REPORT_NUM                   
-------------------------------------------------- ----------                   
LOCATION                                                                        
--------------------------------------------------                              
Hyundai i20                                              3009                   
California                                                                      
                                                                                
             1007 Steve                                                     209 
Hyundai i20                                              3009                   
California                                                                      
                                                                                

DRIVER_LICENSE_ID NAME                                                  REG_NUM 
----------------- -------------------------------------------------- ---------- 
CAR_MODEL                                          REPORT_NUM                   
-------------------------------------------------- ----------                   
LOCATION                                                                        
--------------------------------------------------                              
             1007 Johnson                                                   209 
Hyundai i20                                              3009                   
California                                                                      
                                                                                
             1007 Williams                                                  209 
Hyundai i20                                              3009                   
California                                                                      

DRIVER_LICENSE_ID NAME                                                  REG_NUM 
----------------- -------------------------------------------------- ---------- 
CAR_MODEL                                          REPORT_NUM                   
-------------------------------------------------- ----------                   
LOCATION                                                                        
--------------------------------------------------                              
                                                                                
             1007 Davis                                                     209 
Hyundai i20                                              3009                   
California                                                                      
                                                                                
             1007 James                                                     209 
Hyundai i20                                              3009                   

DRIVER_LICENSE_ID NAME                                                  REG_NUM 
----------------- -------------------------------------------------- ---------- 
CAR_MODEL                                          REPORT_NUM                   
-------------------------------------------------- ----------                   
LOCATION                                                                        
--------------------------------------------------                              
California                                                                      
                                                                                
             1007 Robert                                                    209 
Hyundai i20                                              3009                   
California                                                                      
                                                                                
             1007 Martin                                                    209 

DRIVER_LICENSE_ID NAME                                                  REG_NUM 
----------------- -------------------------------------------------- ---------- 
CAR_MODEL                                          REPORT_NUM                   
-------------------------------------------------- ----------                   
LOCATION                                                                        
--------------------------------------------------                              
Hyundai i20                                              3009                   
California                                                                      
                                                                                

20 rows selected.

SQL> select c.driver_license_id,d.name,c.reg_num,ca.car_model,c.report_num,a.location  from claim_insurance c,accident a ,car ca, driver d where c.report_num=a.report_num and d.driver_license_id=c.driver_license_id and c.reg_num=ca.reg_num and c.damage_amount>10000;

DRIVER_LICENSE_ID NAME                                                  REG_NUM 
----------------- -------------------------------------------------- ---------- 
CAR_MODEL                                          REPORT_NUM                   
-------------------------------------------------- ----------                   
LOCATION                                                                        
--------------------------------------------------                              
             1010 Martin                                                    208 
Hyundai i10                                              3006                   
Dallas                                                                          
                                                                                
             1007 Davis                                                     209 
Hyundai i20                                              3009                   
California                                                                      

DRIVER_LICENSE_ID NAME                                                  REG_NUM 
----------------- -------------------------------------------------- ---------- 
CAR_MODEL                                          REPORT_NUM                   
-------------------------------------------------- ----------                   
LOCATION                                                                        
--------------------------------------------------                              
                                                                                

SQL> select sum(damage_amount) from claim_insurance;

SUM(DAMAGE_AMOUNT)                                                              
------------------                                                              
             87000                                                              

SQL> select ca.reg_num,c.damage_amount from claim_insurance c,car ca where ca.reg_num=c.reg_num(+);

   REG_NUM DAMAGE_AMOUNT                                                        
---------- -------------                                                        
       208         20000                                                        
       209         45000                                                        
       207          4000                                                        
       208          2000                                                        
       202         10000                                                        
       207          6000                                                        
       201                                                                      
       204                                                                      
       206                                                                      
       203                                                                      
       205                                                                      

11 rows selected.

SQL> select ca.reg_num,c.damage_amount from claim_insurance c,car ca where ca.reg_num=c.reg_num(+) order by;
select ca.reg_num,c.damage_amount from claim_insurance c,car ca where ca.reg_num=c.reg_num(+) order by
                                                                                                     *
ERROR at line 1:
ORA-00936: missing expression 


SQL> select ca.reg_num,c.damage_amount from claim_insurance c,car ca where ca.reg_num=c.reg_num(+) order by(reg_num);

   REG_NUM DAMAGE_AMOUNT                                                        
---------- -------------                                                        
       201                                                                      
       202         10000                                                        
       203                                                                      
       204                                                                      
       205                                                                      
       206                                                                      
       207          4000                                                        
       207          6000                                                        
       208          2000                                                        
       208         20000                                                        
       209         45000                                                        

11 rows selected.

SQL> select driver_seq.nextval from dual;

   NEXTVAL                                                                      
----------                                                                      
         1                                                                      

SQL> select driver_seq.nextval from dual;

   NEXTVAL                                                                      
----------                                                                      
         2                                                                      

SQL> select next_date(sysdate) from dual;
select next_date(sysdate) from dual
       *
ERROR at line 1:
ORA-00904: "NEXT_DATE": invalid identifier 


SQL> select next_day(sysdate) from dual;
select next_day(sysdate) from dual
       *
ERROR at line 1:
ORA-00909: invalid number of arguments 


SQL> select next_day(sysdate,day) from dual;
select next_day(sysdate,day) from dual
                        *
ERROR at line 1:
ORA-00904: "DAY": invalid identifier 


SQL> select to_char(sysdate,'day') from dual;

TO_CHAR(S                                                                       
---------                                                                       
tuesday                                                                         

SQL> create table drive_dup as select * from driver where 1=0;

Table created.

SQL> select * from drive_dup;

no rows selected

SQL> create table driver_dup as select * from driver;

Table created.

SQL> select * from driver_dup;

DRIVER_LICENSE_ID NAME                                                          
----------------- --------------------------------------------------            
ADDRESS                                                   AGE DOB               
-------------------------------------------------- ---------- ---------         
             1001 Peter                                                         
Newyork                                                    30                   
                                                                                
             1002 John                                                          
Boston                                                     26                   
                                                                                
             1003 Clark                                                         
Omaha                                                      29                   
                                                                                

DRIVER_LICENSE_ID NAME                                                          
----------------- --------------------------------------------------            
ADDRESS                                                   AGE DOB               
-------------------------------------------------- ---------- ---------         
             1004 Steve                                                         
Denver                                                     25                   
                                                                                
             1005 Johnson                                                       
Boston                                                     36                   
                                                                                
             1006 Williams                                                      
Omaha                                                      39                   
                                                                                

DRIVER_LICENSE_ID NAME                                                          
----------------- --------------------------------------------------            
ADDRESS                                                   AGE DOB               
-------------------------------------------------- ---------- ---------         
             1007 Davis                                                         
California                                                 19                   
                                                                                
             1008 James                                                         
Dallas                                                     21                   
                                                                                
             1009 Robert                                                        
Newyork                                                    29                   
                                                                                

DRIVER_LICENSE_ID NAME                                                          
----------------- --------------------------------------------------            
ADDRESS                                                   AGE DOB               
-------------------------------------------------- ---------- ---------         
             1010 Martin                                                        
California                                                 32                   
                                                                                

10 rows selected.

SQL> create table acc_tab as select * from accident where 1=0;

Table created.

SQL> select lower(name) from driver;

LOWER(NAME)                                                                     
--------------------------------------------------                              
peter                                                                           
john                                                                            
clark                                                                           
steve                                                                           
johnson                                                                         
williams                                                                        
davis                                                                           
james                                                                           
robert                                                                          
martin                                                                          

10 rows selected.

SQL> select initcap(car_model) from car;

INITCAP(CAR_MODEL)                                                              
--------------------------------------------------                              
Maruti800                                                                       
Tata Indica                                                                     
Maruti Swift                                                                    
Mercedes Benz                                                                   
Alto                                                                            
Toyota Innova                                                                   
Tata Nano                                                                       
Hyundai I10                                                                     
Hyundai I20                                                                     

9 rows selected.

SQL> select * from car_v1;

   REG_NUM       YEAR CAR_MODEL                                                 
---------- ---------- --------------------------------------------------        
       201       1998 Maruti800                                                 
       202       2005 Tata Indica                                               
       203       2010 Maruti Swift                                              
       204       2011 Mercedes Benz                                             
       205       2003 Alto                                                      
       206       2006 Toyota Innova                                             
       207       2010 Tata Nano                                                 
       208       2006 Hyundai i10                                               
       209       2009 Hyundai i20                                               

9 rows selected.

SQL> insert into car_v1 values(210,2018,'ferrari');

1 row created.

SQL> select * from driver_dup;

DRIVER_LICENSE_ID NAME                                                          
----------------- --------------------------------------------------            
ADDRESS                                                   AGE DOB               
-------------------------------------------------- ---------- ---------         
             1001 Peter                                                         
Newyork                                                    30                   
                                                                                
             1002 John                                                          
Boston                                                     26                   
                                                                                
             1003 Clark                                                         
Omaha                                                      29                   
                                                                                

DRIVER_LICENSE_ID NAME                                                          
----------------- --------------------------------------------------            
ADDRESS                                                   AGE DOB               
-------------------------------------------------- ---------- ---------         
             1004 Steve                                                         
Denver                                                     25                   
                                                                                
             1005 Johnson                                                       
Boston                                                     36                   
                                                                                
             1006 Williams                                                      
Omaha                                                      39                   
                                                                                

DRIVER_LICENSE_ID NAME                                                          
----------------- --------------------------------------------------            
ADDRESS                                                   AGE DOB               
-------------------------------------------------- ---------- ---------         
             1007 Davis                                                         
California                                                 19                   
                                                                                
             1008 James                                                         
Dallas                                                     21                   
                                                                                
             1009 Robert                                                        
Newyork                                                    29                   
                                                                                

DRIVER_LICENSE_ID NAME                                                          
----------------- --------------------------------------------------            
ADDRESS                                                   AGE DOB               
-------------------------------------------------- ---------- ---------         
             1010 Martin                                                        
California                                                 32                   
                                                                                

10 rows selected.

SQL> truncate driver_dup;
truncate driver_dup
                  *
ERROR at line 1:
ORA-03290: Invalid truncate command - missing CLUSTER or TABLE keyword 


SQL> truncate table driver_dup;

Table truncated.

SQL> select * from driver_dup;

no rows selected

SQL> drop table driver_dup;\
  2  
SQL> drop table driver_dup;

Table dropped.

SQL> select * from driver_dup;
select * from driver_dup
              *
ERROR at line 1:
ORA-00942: table or view does not exist 


SQL> select * from driver;

DRIVER_LICENSE_ID NAME                                                          
----------------- --------------------------------------------------            
ADDRESS                                                   AGE DOB               
-------------------------------------------------- ---------- ---------         
             1001 Peter                                                         
Newyork                                                    30                   
                                                                                
             1002 John                                                          
Boston                                                     26                   
                                                                                
             1003 Clark                                                         
Omaha                                                      29                   
                                                                                

DRIVER_LICENSE_ID NAME                                                          
----------------- --------------------------------------------------            
ADDRESS                                                   AGE DOB               
-------------------------------------------------- ---------- ---------         
             1004 Steve                                                         
Denver                                                     25                   
                                                                                
             1005 Johnson                                                       
Boston                                                     36                   
                                                                                
             1006 Williams                                                      
Omaha                                                      39                   
                                                                                

DRIVER_LICENSE_ID NAME                                                          
----------------- --------------------------------------------------            
ADDRESS                                                   AGE DOB               
-------------------------------------------------- ---------- ---------         
             1007 Davis                                                         
California                                                 19                   
                                                                                
             1008 James                                                         
Dallas                                                     21                   
                                                                                
             1009 Robert                                                        
Newyork                                                    29                   
                                                                                

DRIVER_LICENSE_ID NAME                                                          
----------------- --------------------------------------------------            
ADDRESS                                                   AGE DOB               
-------------------------------------------------- ---------- ---------         
             1010 Martin                                                        
California                                                 32                   
                                                                                

10 rows selected.

SQL> alter table driver add column aadhar_no number(20);
alter table driver add column aadhar_no number(20)
                       *
ERROR at line 1:
ORA-00904: : invalid identifier 


SQL> alter table driver add  aadhar_no number(20);

Table altered.

SQL> alter table driver rename column aadhar_no to aadharNo;

Table altered.

SQL> select instr('las vegas',a);
select instr('las vegas',a)
                          *
ERROR at line 1:
ORA-00923: FROM keyword not found where expected 


SQL> select instr('las vegas',a) from dual;
select instr('las vegas',a) from dual
                         *
ERROR at line 1:
ORA-00904: "A": invalid identifier 


SQL> select instr('las vegas',a,1,3) from dual;
select instr('las vegas',a,1,3) from dual
                         *
ERROR at line 1:
ORA-00904: "A": invalid identifier 


SQL> spool off;
SQL> alter table claim_insurance add constraint chk_damage check(damage_amount between 1000 and 50000);

Table altered.

SQL> update table driver set name='Stephen' where name='Steve';
update table driver set name='Stephen' where name='Steve'
       *
ERROR at line 1:
ORA-00903: invalid table name 


SQL> update  driver set name='Stephen' where name='Steve';

1 row updated.

SQL> select * from driver;

DRIVER_LICENSE_ID NAME                                                          
----------------- --------------------------------------------------            
ADDRESS                                                   AGE DOB               
-------------------------------------------------- ---------- ---------         
  AADHARNO                                                                      
----------                                                                      
             1001 Peter                                                         
Newyork                                                    30                   
                                                                                
                                                                                
             1002 John                                                          
Boston                                                     26                   
                                                                                

DRIVER_LICENSE_ID NAME                                                          
----------------- --------------------------------------------------            
ADDRESS                                                   AGE DOB               
-------------------------------------------------- ---------- ---------         
  AADHARNO                                                                      
----------                                                                      
                                                                                
             1003 Clark                                                         
Omaha                                                      29                   
                                                                                
                                                                                
             1004 Stephen                                                       
Denver                                                     25                   

DRIVER_LICENSE_ID NAME                                                          
----------------- --------------------------------------------------            
ADDRESS                                                   AGE DOB               
-------------------------------------------------- ---------- ---------         
  AADHARNO                                                                      
----------                                                                      
                                                                                
                                                                                
             1005 Johnson                                                       
Boston                                                     36                   
                                                                                
                                                                                
             1006 Williams                                                      

DRIVER_LICENSE_ID NAME                                                          
----------------- --------------------------------------------------            
ADDRESS                                                   AGE DOB               
-------------------------------------------------- ---------- ---------         
  AADHARNO                                                                      
----------                                                                      
Omaha                                                      39                   
                                                                                
                                                                                
             1007 Davis                                                         
California                                                 19                   
                                                                                
                                                                                

DRIVER_LICENSE_ID NAME                                                          
----------------- --------------------------------------------------            
ADDRESS                                                   AGE DOB               
-------------------------------------------------- ---------- ---------         
  AADHARNO                                                                      
----------                                                                      
             1008 James                                                         
Dallas                                                     21                   
                                                                                
                                                                                
             1009 Robert                                                        
Newyork                                                    29                   
                                                                                

DRIVER_LICENSE_ID NAME                                                          
----------------- --------------------------------------------------            
ADDRESS                                                   AGE DOB               
-------------------------------------------------- ---------- ---------         
  AADHARNO                                                                      
----------                                                                      
                                                                                
             1010 Martin                                                        
California                                                 32                   
                                                                                
                                                                                

10 rows selected.

SQL> select ename from emp where job='MANAGER';

ENAME                                                                           
----------                                                                      
JONES                                                                           
BLAKE                                                                           
CLARK                                                                           

SQL> SELECT ename,deptno from emp group by deptno having max(sal);
SELECT ename,deptno from emp group by deptno having max(sal)
                                                           *
ERROR at line 1:
ORA-00920: invalid relational operator 


SQL> select ename,deptno from emp where sal in(select max(sal) from emp group by deptno);

ENAME          DEPTNO                                                           
---------- ----------                                                           
BLAKE              30                                                           
SCOTT              20                                                           
KING               10                                                           
FORD               20                                                           
kk                  2                                                           

SQL> select ename,deptno,sal from emp where sal in(select max(sal) from emp group by deptno);

ENAME          DEPTNO        SAL                                                
---------- ---------- ----------                                                
BLAKE              30       2850                                                
SCOTT              20       3000                                                
KING               10       5000                                                
FORD               20       3000                                                
kk                  2        400                                                

SQL> select
  2    emp.ename as "Employee",
  3    emp.empno as "Emp#",
  4    emp.mgr as "Mgr#",
  5    m.ename as "Manager"
  6  from
  7   emp
  8    LEFT OUTER JOIN emp m ON
  9     emp.mgr = m.empno
 10  
SQL>   select
  2    emp.ename as "Employee",
  3    emp.empno as "Emp#",
  4    emp.mgr as "Mgr#",
  5    m.ename as "Manager"
  6  from
  7   emp
  8    LEFT OUTER JOIN emp m ON
  9     emp.mgr = m.empno;

Employee         Emp#       Mgr# Manager                                        
---------- ---------- ---------- ----------                                     
FORD             7902       7566 JONES                                          
SCOTT            7788       7566 JONES                                          
JAMES            7900       7698 BLAKE                                          
TURNER           7844       7698 BLAKE                                          
MARTIN           7654       7698 BLAKE                                          
WARD             7521       7698 BLAKE                                          
alias            7499       7698 BLAKE                                          
MILLER           7934       7782 CLARK                                          
ADAMS            7876       7788 SCOTT                                          
CLARK            7782       7839 KING                                           
BLAKE            7698       7839 KING                                           

Employee         Emp#       Mgr# Manager                                        
---------- ---------- ---------- ----------                                     
JONES            7566       7839 KING                                           
priya            1200                                                           
KING             7839                                                           
kk                 12         83                                                

15 rows selected.

SQL> select
  2    emp.ename as "Employee",
  3    emp.empno as "Emp#",
  4    emp.mgr as "Mgr#",
  5    m.ename as "Manager"
  6  from
  7   emp
  8    LEFT OUTER JOIN emp m ON
  9  
SQL> 
SQL>  select a.ename from employee_hema a, employee_hema b where a.ename='JONES' and a.empno=b.mgr;

ENAME                                                                           
----------------------------------------                                        
JONES                                                                           
JONES                                                                           

SQL>  select b.ename from employee_hema a, employee_hema b where a.ename='JONES' and a.empno=b.mgr;

ENAME                                                                           
----------------------------------------                                        
SCOTT                                                                           
FORD                                                                            

SQL> select e.empno,e.ename,e1.ename,e1.empno from employee_hema e,employee_hema e1 where e.mgr=e1.empno union select empno,ename,'no manager',0 from employee_hema where mgr=null;

     EMPNO ENAME                                                                
---------- ----------------------------------------                             
ENAME                                         EMPNO                             
---------------------------------------- ----------                             
      7499 alias                                                                
BLAKE                                          7698                             
                                                                                
      7521 WARD                                                                 
BLAKE                                          7698                             
                                                                                
      7566 JONES                                                                
KING                                           7839                             
                                                                                

     EMPNO ENAME                                                                
---------- ----------------------------------------                             
ENAME                                         EMPNO                             
---------------------------------------- ----------                             
      7654 MARTIN                                                               
BLAKE                                          7698                             
                                                                                
      7698 BLAKE                                                                
KING                                           7839                             
                                                                                
      7782 CLARK                                                                
KING                                           7839                             
                                                                                

     EMPNO ENAME                                                                
---------- ----------------------------------------                             
ENAME                                         EMPNO                             
---------------------------------------- ----------                             
      7788 SCOTT                                                                
JONES                                          7566                             
                                                                                
      7844 TURNER                                                               
BLAKE                                          7698                             
                                                                                
      7876 ADAMS                                                                
SCOTT                                          7788                             
                                                                                

     EMPNO ENAME                                                                
---------- ----------------------------------------                             
ENAME                                         EMPNO                             
---------------------------------------- ----------                             
      7900 JAMES                                                                
BLAKE                                          7698                             
                                                                                
      7902 FORD                                                                 
JONES                                          7566                             
                                                                                
      7934 MILLER                                                               
CLARK                                          7782                             
                                                                                

12 rows selected.

SQL> select e.empno,e.ename,e1.ename as manager_name ,e1.empno as manager_num from employee_hema e,employee_hema e1 where e.mgr=e1.empno
  2  union
  3  select empno,ename,'no manager',0 from employee_hema where mgr is null;

     EMPNO ENAME                                                                
---------- ----------------------------------------                             
MANAGER_NAME                             MANAGER_NUM                            
---------------------------------------- -----------                            
      1200 priya                                                                
no manager                                         0                            
                                                                                
      7499 alias                                                                
BLAKE                                           7698                            
                                                                                
      7521 WARD                                                                 
BLAKE                                           7698                            
                                                                                

     EMPNO ENAME                                                                
---------- ----------------------------------------                             
MANAGER_NAME                             MANAGER_NUM                            
---------------------------------------- -----------                            
      7566 JONES                                                                
KING                                            7839                            
                                                                                
      7654 MARTIN                                                               
BLAKE                                           7698                            
                                                                                
      7698 BLAKE                                                                
KING                                            7839                            
                                                                                

     EMPNO ENAME                                                                
---------- ----------------------------------------                             
MANAGER_NAME                             MANAGER_NUM                            
---------------------------------------- -----------                            
      7782 CLARK                                                                
KING                                            7839                            
                                                                                
      7788 SCOTT                                                                
JONES                                           7566                            
                                                                                
      7839 KING                                                                 
no manager                                         0                            
                                                                                

     EMPNO ENAME                                                                
---------- ----------------------------------------                             
MANAGER_NAME                             MANAGER_NUM                            
---------------------------------------- -----------                            
      7844 TURNER                                                               
BLAKE                                           7698                            
                                                                                
      7876 ADAMS                                                                
SCOTT                                           7788                            
                                                                                
      7900 JAMES                                                                
BLAKE                                           7698                            
                                                                                

     EMPNO ENAME                                                                
---------- ----------------------------------------                             
MANAGER_NAME                             MANAGER_NUM                            
---------------------------------------- -----------                            
      7902 FORD                                                                 
JONES                                           7566                            
                                                                                
      7934 MILLER                                                               
CLARK                                           7782                            
                                                                                

14 rows selected.

SQL> spool off;
SQL> SELECT d.address,d.NAME from driver d,driver d1 where  d.address=d1.address group by d.address,d.name,d1.address having count(d1.address)>1;

ADDRESS                                                                         
--------------------------------------------------                              
NAME                                                                            
--------------------------------------------------                              
Boston                                                                          
Johnson                                                                         
                                                                                
Newyork                                                                         
Robert                                                                          
                                                                                
Boston                                                                          
John                                                                            
                                                                                

ADDRESS                                                                         
--------------------------------------------------                              
NAME                                                                            
--------------------------------------------------                              
California                                                                      
Martin                                                                          
                                                                                
Omaha                                                                           
Williams                                                                        
                                                                                
Omaha                                                                           
Clark                                                                           
                                                                                

ADDRESS                                                                         
--------------------------------------------------                              
NAME                                                                            
--------------------------------------------------                              
Newyork                                                                         
Peter                                                                           
                                                                                
California                                                                      
Davis                                                                           
                                                                                

8 rows selected.

SQL>  select address,name from driver where address in(select address from driver group by address having count(address)>1);

ADDRESS                                                                         
--------------------------------------------------                              
NAME                                                                            
--------------------------------------------------                              
Newyork                                                                         
Robert                                                                          
                                                                                
Newyork                                                                         
Peter                                                                           
                                                                                
Boston                                                                          
Johnson                                                                         
                                                                                

ADDRESS                                                                         
--------------------------------------------------                              
NAME                                                                            
--------------------------------------------------                              
Boston                                                                          
John                                                                            
                                                                                
California                                                                      
Martin                                                                          
                                                                                
California                                                                      
Davis                                                                           
                                                                                

ADDRESS                                                                         
--------------------------------------------------                              
NAME                                                                            
--------------------------------------------------                              
Omaha                                                                           
Williams                                                                        
                                                                                
Omaha                                                                           
Clark                                                                           
                                                                                

8 rows selected.

SQL> select driver_seq.currval from dual;

   CURRVAL                                                                      
----------                                                                      
         2                                                                      

SQL> select to_char(sysdate+1,'day') from dual;

TO_CHAR(S                                                                       
---------                                                                       
thursday                                                                        

SQL> select instr('las vegas',a,1,2);
select instr('las vegas',a,1,2)
                              *
ERROR at line 1:
ORA-00923: FROM keyword not found where expected 


SQL> select instr('las vegas',a,1,2) from dual;
select instr('las vegas',a,1,2) from dual
                         *
ERROR at line 1:
ORA-00904: "A": invalid identifier 


SQL> select instr('las vegas','a',1,2) from dual;

INSTR('LASVEGAS','A',1,2)                                                       
-------------------------                                                       
                        8                                                       

SQL> spool off;
